<html>
<body>
<pre>
<h1>µVision Build Log</h1>
<h2>Tool Versions:</h2>
IDE-Version: ¦ÌVision V5.20.0.0
Copyright (C) 2016 ARM Ltd and ARM Germany GmbH. All rights reserved.
License Information: tianbao huang, Tobey, LIC=32BTG-VYD7J-JIJ5S-LCJ2K-ZBPKP-1PEZV
 
Tool Versions:
Toolchain:       MDK-ARM Plus  Version: 5.20
Toolchain Path:  C:\Keil_v5\ARM\ARMCC\Bin
C Compiler:      Armcc.exe V5.06 update 2 (build 183)
Assembler:       Armasm.exe V5.06 update 2 (build 183)
Linker/Locator:  ArmLink.exe V5.06 update 2 (build 183)
Library Manager: ArmAr.exe V5.06 update 2 (build 183)
Hex Converter:   FromElf.exe V5.06 update 2 (build 183)
CPU DLL:         SARMCM3.DLL V5.20
Dialog DLL:      DCM.DLL V1.13.7.0
Target DLL:      Segger\JL2CM3.dll V2.99.20.0
Dialog DLL:      TCM.DLL V1.14.9.0
 
<h2>Project:</h2>
F:\OutClass\hardware_design\RFID_stm32cube_objects\rtx_adc\MDK-ARM\rtx_adc.uvproj
Project File Date:  09/01/2016

<h2>Output:</h2>
*** Using Compiler 'V5.06 update 2 (build 183)', folder: 'C:\Keil_v5\ARM\ARMCC\Bin'
Build target 'rtx_adc'
compiling main.c...
linking...
Program Size: Code=18744 RO-data=16420 RW-data=92 ZI-data=5972  
"rtx_adc\rtx_adc.axf" - 0 Error(s), 0 Warning(s).
Build Time Elapsed:  00:00:07
</pre>
</body>
</html>
