Component: ARM Compiler 5.06 update 2 (build 183) Tool: armlink [4d35b7]

==============================================================================

Section Cross References

    startup_stm32f103xb.o(RESET) refers to startup_stm32f103xb.o(STACK) for __initial_sp
    startup_stm32f103xb.o(RESET) refers to startup_stm32f103xb.o(.text) for Reset_Handler
    startup_stm32f103xb.o(RESET) refers to hal_cm3.o(.emb_text) for SVC_Handler
    startup_stm32f103xb.o(RESET) refers to stm32f1xx_it.o(i.TIM1_UP_IRQHandler) for TIM1_UP_IRQHandler
    startup_stm32f103xb.o(RESET) refers to stm32f1xx_it.o(i.TIM2_IRQHandler) for TIM2_IRQHandler
    startup_stm32f103xb.o(RESET) refers to stm32f1xx_it.o(i.TIM3_IRQHandler) for TIM3_IRQHandler
    startup_stm32f103xb.o(RESET) refers to stm32f1xx_it.o(i.TIM4_IRQHandler) for TIM4_IRQHandler
    startup_stm32f103xb.o(.text) refers to system_stm32f1xx.o(i.SystemInit) for SystemInit
    startup_stm32f103xb.o(.text) refers to entry.o(.ARM.Collect$$$$00000000) for __main
    stm32f1xx_it.o(i.TIM1_UP_IRQHandler) refers to stm32f1xx_hal_tim.o(i.HAL_TIM_IRQHandler) for HAL_TIM_IRQHandler
    stm32f1xx_it.o(i.TIM1_UP_IRQHandler) refers to stm32f1xx_hal_gpio.o(i.HAL_GPIO_WritePin) for HAL_GPIO_WritePin
    stm32f1xx_it.o(i.TIM1_UP_IRQHandler) refers to step_motor_driver.o(i.BSP_STEP_MOTOR_Dir_Set) for BSP_STEP_MOTOR_Dir_Set
    stm32f1xx_it.o(i.TIM1_UP_IRQHandler) refers to step_motor_driver.o(i.BSP_STEP_MOTOR_MicroStep_Set) for BSP_STEP_MOTOR_MicroStep_Set
    stm32f1xx_it.o(i.TIM1_UP_IRQHandler) refers to stm32f1xx_hal_tim.o(i.HAL_TIM_Base_Stop_IT) for HAL_TIM_Base_Stop_IT
    stm32f1xx_it.o(i.TIM1_UP_IRQHandler) refers to tim.o(.bss) for htim1
    stm32f1xx_it.o(i.TIM1_UP_IRQHandler) refers to stm32f1xx_it.o(.data) for .data
    stm32f1xx_it.o(i.TIM1_UP_IRQHandler) refers to step_motor_driver.o(.data) for STEP_MOTOR_Msg
    stm32f1xx_it.o(i.TIM2_IRQHandler) refers to stm32f1xx_hal_tim.o(i.HAL_TIM_IRQHandler) for HAL_TIM_IRQHandler
    stm32f1xx_it.o(i.TIM2_IRQHandler) refers to tim.o(.bss) for htim2
    stm32f1xx_it.o(i.TIM3_IRQHandler) refers to stm32f1xx_hal_tim.o(i.HAL_TIM_IRQHandler) for HAL_TIM_IRQHandler
    stm32f1xx_it.o(i.TIM3_IRQHandler) refers to tim.o(.bss) for htim3
    stm32f1xx_it.o(i.TIM4_IRQHandler) refers to stm32f1xx_hal_tim.o(i.HAL_TIM_IRQHandler) for HAL_TIM_IRQHandler
    stm32f1xx_it.o(i.TIM4_IRQHandler) refers to tim.o(.bss) for htim4
    usart.o(i.HAL_UART_MspDeInit) refers to stm32f1xx_hal_gpio.o(i.HAL_GPIO_DeInit) for HAL_GPIO_DeInit
    usart.o(i.HAL_UART_MspInit) refers to stm32f1xx_hal_gpio.o(i.HAL_GPIO_Init) for HAL_GPIO_Init
    usart.o(i.MX_USART1_UART_Init) refers to stm32f1xx_hal_uart.o(i.HAL_UART_Init) for HAL_UART_Init
    usart.o(i.MX_USART1_UART_Init) refers to main.o(i.Error_Handler) for Error_Handler
    usart.o(i.MX_USART1_UART_Init) refers to usart.o(.bss) for .bss
    spi.o(i.HAL_SPI_MspDeInit) refers to stm32f1xx_hal_gpio.o(i.HAL_GPIO_DeInit) for HAL_GPIO_DeInit
    spi.o(i.HAL_SPI_MspInit) refers to stm32f1xx_hal_gpio.o(i.HAL_GPIO_Init) for HAL_GPIO_Init
    spi.o(i.MX_SPI2_Init) refers to stm32f1xx_hal_spi_ex.o(i.HAL_SPI_Init) for HAL_SPI_Init
    spi.o(i.MX_SPI2_Init) refers to main.o(i.Error_Handler) for Error_Handler
    spi.o(i.MX_SPI2_Init) refers to spi.o(.bss) for .bss
    main.o(i.SystemClock_Config) refers to stm32f1xx_hal_rcc.o(i.HAL_RCC_OscConfig) for HAL_RCC_OscConfig
    main.o(i.SystemClock_Config) refers to stm32f1xx_hal_rcc.o(i.HAL_RCC_ClockConfig) for HAL_RCC_ClockConfig
    main.o(i.SystemClock_Config) refers to stm32f1xx_hal_rcc.o(i.HAL_RCC_GetHCLKFreq) for HAL_RCC_GetHCLKFreq
    main.o(i.SystemClock_Config) refers to stm32f1xx_hal_cortex.o(i.HAL_SYSTICK_Config) for HAL_SYSTICK_Config
    main.o(i.SystemClock_Config) refers to stm32f1xx_hal_cortex.o(i.HAL_SYSTICK_CLKSourceConfig) for HAL_SYSTICK_CLKSourceConfig
    main.o(i.SystemClock_Config) refers to stm32f1xx_hal_cortex.o(i.HAL_NVIC_SetPriority) for HAL_NVIC_SetPriority
    main.o(i.adcTask) refers to pid_driver.o(i.PID_Init) for PID_Init
    main.o(i.adcTask) refers to pid_driver.o(i.PID_SetPoint) for PID_SetPoint
    main.o(i.adcTask) refers to pid_driver.o(i.PID_SetKp) for PID_SetKp
    main.o(i.adcTask) refers to pid_driver.o(i.PID_SetKi) for PID_SetKi
    main.o(i.adcTask) refers to pid_driver.o(i.PID_SetKd) for PID_SetKd
    main.o(i.adcTask) refers to ads1248.o(i.ADS1248_Init) for ADS1248_Init
    main.o(i.adcTask) refers to ads1248.o(i.ADS1248_Channel_Data) for ADS1248_Channel_Data
    main.o(i.adcTask) refers to ads1248.o(i.ADS1248_AdToTemp) for ADS1248_AdToTemp
    main.o(i.adcTask) refers to fflti.o(.text) for __aeabi_i2f
    main.o(i.adcTask) refers to fadd.o(.text) for __aeabi_fsub
    main.o(i.adcTask) refers to ffixi.o(.text) for __aeabi_f2iz
    main.o(i.adcTask) refers to pid_driver.o(i.PID_IncCalc) for PID_IncCalc
    main.o(i.adcTask) refers to f2d.o(.text) for __aeabi_f2d
    main.o(i.adcTask) refers to printfa.o(i.__0printf) for __2printf
[...]
    SRC\CM\rt_Mailbox.c                      0x00000000   Number         0  rt_mailbox.o ABSOLUTE
    SRC\CM\rt_MemBox.c                       0x00000000   Number         0  rt_membox.o ABSOLUTE
    SRC\CM\rt_Robin.c                        0x00000000   Number         0  rt_robin.o ABSOLUTE
    SRC\CM\rt_Semaphore.c                    0x00000000   Number         0  rt_semaphore.o ABSOLUTE
    SRC\CM\rt_System.c                       0x00000000   Number         0  rt_system.o ABSOLUTE
    SRC\CM\rt_Task.c                         0x00000000   Number         0  rt_task.o ABSOLUTE
    SRC\CM\rt_Time.c                         0x00000000   Number         0  rt_time.o ABSOLUTE
    SRC\CM\rt_Timer.c                        0x00000000   Number         0  rt_timer.o ABSOLUTE
    SRC\\CM\\HAL_CM3.c                       0x00000000   Number         0  hal_cm3.o ABSOLUTE
    SRC\\CM\\rt_System.c                     0x00000000   Number         0  rt_system.o ABSOLUTE
    cdrcmple.s                               0x00000000   Number         0  cdrcmple.o ABSOLUTE
    cfcmple.s                                0x00000000   Number         0  cfcmple.o ABSOLUTE
    cfrcmple.s                               0x00000000   Number         0  cfrcmple.o ABSOLUTE
    dc.s                                     0x00000000   Number         0  dc.o ABSOLUTE
    handlers.s                               0x00000000   Number         0  handlers.o ABSOLUTE
    init.s                                   0x00000000   Number         0  init.o ABSOLUTE
    startup_stm32f103xb.s                    0x00000000   Number         0  startup_stm32f103xb.o ABSOLUTE
    RESET                                    0x08000000   Section      236  startup_stm32f103xb.o(RESET)
    .ARM.Collect$$$$00000000                 0x080000ec   Section        0  entry.o(.ARM.Collect$$$$00000000)
    .ARM.Collect$$$$00000001                 0x080000ec   Section        4  entry2.o(.ARM.Collect$$$$00000001)
    .ARM.Collect$$$$00000004                 0x080000f0   Section        4  entry5.o(.ARM.Collect$$$$00000004)
    .ARM.Collect$$$$00000008                 0x080000f4   Section        0  entry7b.o(.ARM.Collect$$$$00000008)
    .ARM.Collect$$$$0000000A                 0x080000f4   Section        0  entry8b.o(.ARM.Collect$$$$0000000A)
    .ARM.Collect$$$$0000000B                 0x080000f4   Section        8  entry9a.o(.ARM.Collect$$$$0000000B)
    .ARM.Collect$$$$0000000D                 0x080000fc   Section        0  entry10a.o(.ARM.Collect$$$$0000000D)
    .ARM.Collect$$$$0000000F                 0x080000fc   Section        0  entry11a.o(.ARM.Collect$$$$0000000F)
    .ARM.Collect$$$$00002712                 0x080000fc   Section        4  entry2.o(.ARM.Collect$$$$00002712)
    __lit__00000000                          0x080000fc   Data           4  entry2.o(.ARM.Collect$$$$00002712)
    .emb_text                                0x08000100   Section      340  hal_cm3.o(.emb_text)
    .text                                    0x08000254   Section       36  startup_stm32f103xb.o(.text)
    .text                                    0x08000278   Section        0  llushr.o(.text)
    .text                                    0x08000298   Section        0  fadd.o(.text)
    .text                                    0x08000348   Section        0  dadd.o(.text)
    .text                                    0x08000496   Section        0  dmul.o(.text)
    .text                                    0x0800057a   Section        0  ddiv.o(.text)
    .text                                    0x08000658   Section        0  fflti.o(.text)
    .text                                    0x0800066a   Section        0  dflti.o(.text)
    .text                                    0x0800068c   Section        0  dfltui.o(.text)
    .text                                    0x080006a6   Section        0  ffixi.o(.text)
    .text                                    0x080006d8   Section        0  dfixi.o(.text)
    .text                                    0x08000716   Section        0  f2d.o(.text)
    .text                                    0x0800073c   Section        0  d2f.o(.text)
    .text                                    0x08000774   Section       20  cfcmple.o(.text)
    .text                                    0x08000788   Section       20  cfrcmple.o(.text)
    .text                                    0x0800079c   Section        0  uidiv.o(.text)
    .text                                    0x080007c8   Section        0  uldiv.o(.text)
    .text                                    0x0800082a   Section        0  llshl.o(.text)
    .text                                    0x08000848   Section        0  llsshr.o(.text)
    .text                                    0x0800086c   Section        0  iusefp.o(.text)
    .text                                    0x0800086c   Section        0  fepilogue.o(.text)
    .text                                    0x080008da   Section        0  depilogue.o(.text)
    .text                                    0x08000994   Section        0  dfixul.o(.text)
    .text                                    0x080009c4   Section       48  cdrcmple.o(.text)
    .text                                    0x080009f4   Section       36  init.o(.text)
    SVC_TABLE                                0x08000a18   Section        4  svc_table.o(SVC_TABLE)
    i.ADS1248_AdToTemp                       0x08000a1c   Section        0  ads1248.o(i.ADS1248_AdToTemp)
    i.ADS1248_Calibrate                      0x08000afc   Section        0  ads1248.o(i.ADS1248_Calibrate)
    i.ADS1248_Channel_Data                   0x08000b60   Section        0  ads1248.o(i.ADS1248_Channel_Data)
    i.ADS1248_Init                           0x08000b78   Section        0  ads1248.o(i.ADS1248_Init)
    i.ADS1248_Read                           0x08000c08   Section        0  ads1248.o(i.ADS1248_Read)
    i.ADS1248_ReadReg                        0x08000c7c   Section        0  ads1248.o(i.ADS1248_ReadReg)
    i.ADS1248_Reset                          0x08000ce8   Section        0  ads1248.o(i.ADS1248_Reset)
    i.ADS1248_Start                          0x08000d30   Section        0  ads1248.o(i.ADS1248_Start)
    i.ADS1248_Stop                           0x08000d5c   Section        0  ads1248.o(i.ADS1248_Stop)
    i.ADS1248_WaitBusy                       0x08000d6c   Section        0  ads1248.o(i.ADS1248_WaitBusy)
    i.ADS1248_WriteCmd                       0x08000dcc   Section        0  ads1248.o(i.ADS1248_WriteCmd)
    i.ADS1248_WriteReg                       0x08000e00   Section        0  ads1248.o(i.ADS1248_WriteReg)
    i.BSP_STEP_MOTOR_Dir_Set                 0x08000e5c   Section        0  step_motor_driver.o(i.BSP_STEP_MOTOR_Dir_Set)
    i.BSP_STEP_MOTOR_Init                    0x08000e74   Section        0  step_motor_driver.o(i.BSP_STEP_MOTOR_Init)
    i.BSP_STEP_MOTOR_MicroStep_Set           0x08000ea4   Section        0  step_motor_driver.o(i.BSP_STEP_MOTOR_MicroStep_Set)
    i.Change_Channel                         0x08000eec   Section        0  ads1248.o(i.Change_Channel)
    i.Error_Handler                          0x08000f22   Section        0  main.o(i.Error_Handler)
    i.HAL_Delay                              0x08000f24   Section        0  stm32f1xx_hal.o(i.HAL_Delay)
    i.HAL_GPIO_Init                          0x08000f3c   Section        0  stm32f1xx_hal_gpio.o(i.HAL_GPIO_Init)
    i.HAL_GPIO_ReadPin                       0x080010f8   Section        0  stm32f1xx_hal_gpio.o(i.HAL_GPIO_ReadPin)
    i.HAL_GPIO_TogglePin                     0x08001102   Section        0  stm32f1xx_hal_gpio.o(i.HAL_GPIO_TogglePin)
    i.HAL_GPIO_WritePin                      0x0800110a   Section        0  stm32f1xx_hal_gpio.o(i.HAL_GPIO_WritePin)
    i.HAL_GetTick                            0x08001114   Section        0  stm32f1xx_hal.o(i.HAL_GetTick)
    i.HAL_Init                               0x08001120   Section        0  stm32f1xx_hal.o(i.HAL_Init)
    i.HAL_InitTick                           0x08001144   Section        0  stm32f1xx_hal.o(i.HAL_InitTick)
    i.HAL_MspInit                            0x08001168   Section        0  stm32f1xx_hal_msp.o(i.HAL_MspInit)
    i.HAL_NVIC_EnableIRQ                     0x080011e8   Section        0  stm32f1xx_hal_cortex.o(i.HAL_NVIC_EnableIRQ)
    i.HAL_NVIC_SetPriority                   0x08001200   Section        0  stm32f1xx_hal_cortex.o(i.HAL_NVIC_SetPriority)
    i.HAL_NVIC_SetPriorityGrouping           0x08001240   Section        0  stm32f1xx_hal_cortex.o(i.HAL_NVIC_SetPriorityGrouping)
    i.HAL_RCC_ClockConfig                    0x08001264   Section        0  stm32f1xx_hal_rcc.o(i.HAL_RCC_ClockConfig)
    i.HAL_RCC_GetHCLKFreq                    0x080013ec   Section        0  stm32f1xx_hal_rcc.o(i.HAL_RCC_GetHCLKFreq)
    i.HAL_RCC_GetPCLK1Freq                   0x080013f8   Section        0  stm32f1xx_hal_rcc.o(i.HAL_RCC_GetPCLK1Freq)
    i.HAL_RCC_GetPCLK2Freq                   0x08001428   Section        0  stm32f1xx_hal_rcc.o(i.HAL_RCC_GetPCLK2Freq)
    i.HAL_RCC_GetSysClockFreq                0x08001458   Section        0  stm32f1xx_hal_rcc.o(i.HAL_RCC_GetSysClockFreq)
    i.HAL_RCC_OscConfig                      0x080014e0   Section        0  stm32f1xx_hal_rcc.o(i.HAL_RCC_OscConfig)
    i.HAL_SPI_Init                           0x08001a60   Section        0  stm32f1xx_hal_spi_ex.o(i.HAL_SPI_Init)
    i.HAL_SPI_MspInit                        0x08001ae8   Section        0  spi.o(i.HAL_SPI_MspInit)
    i.HAL_SPI_Receive                        0x08001b44   Section        0  stm32f1xx_hal_spi.o(i.HAL_SPI_Receive)
    i.HAL_SPI_Transmit                       0x08001d30   Section        0  stm32f1xx_hal_spi.o(i.HAL_SPI_Transmit)
    i.HAL_SPI_TransmitReceive                0x08001e76   Section        0  stm32f1xx_hal_spi.o(i.HAL_SPI_TransmitReceive)
    i.HAL_SYSTICK_CLKSourceConfig            0x08002128   Section        0  stm32f1xx_hal_cortex.o(i.HAL_SYSTICK_CLKSourceConfig)
    i.HAL_SYSTICK_Config                     0x08002140   Section        0  stm32f1xx_hal_cortex.o(i.HAL_SYSTICK_Config)
    i.HAL_TIMEx_BreakCallback                0x08002168   Section        0  stm32f1xx_hal_tim_ex.o(i.HAL_TIMEx_BreakCallback)
    i.HAL_TIMEx_CommutationCallback          0x0800216a   Section        0  stm32f1xx_hal_tim_ex.o(i.HAL_TIMEx_CommutationCallback)
    i.HAL_TIMEx_MasterConfigSynchronization  0x0800216c   Section        0  stm32f1xx_hal_tim_ex.o(i.HAL_TIMEx_MasterConfigSynchronization)
    i.HAL_TIM_Base_Init                      0x080021bc   Section        0  stm32f1xx_hal_tim.o(i.HAL_TIM_Base_Init)
    i.HAL_TIM_Base_MspInit                   0x080021f4   Section        0  tim.o(i.HAL_TIM_Base_MspInit)
    i.HAL_TIM_Base_Start_IT                  0x0800227c   Section        0  stm32f1xx_hal_tim.o(i.HAL_TIM_Base_Start_IT)
    i.HAL_TIM_Base_Stop_IT                   0x08002294   Section        0  stm32f1xx_hal_tim.o(i.HAL_TIM_Base_Stop_IT)
    i.HAL_TIM_ConfigClockSource              0x080022be   Section        0  stm32f1xx_hal_tim.o(i.HAL_TIM_ConfigClockSource)
    i.HAL_TIM_IC_CaptureCallback             0x080023b0   Section        0  stm32f1xx_hal_tim.o(i.HAL_TIM_IC_CaptureCallback)
    i.HAL_TIM_IRQHandler                     0x080023b2   Section        0  stm32f1xx_hal_tim.o(i.HAL_TIM_IRQHandler)
    i.HAL_TIM_MspPostInit                    0x08002518   Section        0  tim.o(i.HAL_TIM_MspPostInit)
    i.HAL_TIM_OC_DelayElapsedCallback        0x0800258c   Section        0  stm32f1xx_hal_tim.o(i.HAL_TIM_OC_DelayElapsedCallback)
    i.HAL_TIM_PWM_ConfigChannel              0x0800258e   Section        0  stm32f1xx_hal_tim.o(i.HAL_TIM_PWM_ConfigChannel)
    i.HAL_TIM_PWM_Init                       0x0800265e   Section        0  stm32f1xx_hal_tim.o(i.HAL_TIM_PWM_Init)
    i.HAL_TIM_PWM_MspInit                    0x08002694   Section        0  tim.o(i.HAL_TIM_PWM_MspInit)
    i.HAL_TIM_PWM_PulseFinishedCallback      0x080026d0   Section        0  stm32f1xx_hal_tim.o(i.HAL_TIM_PWM_PulseFinishedCallback)
    i.HAL_TIM_PWM_Start_IT                   0x080026d4   Section        0  stm32f1xx_hal_tim.o(i.HAL_TIM_PWM_Start_IT)
    i.HAL_TIM_PeriodElapsedCallback          0x08002734   Section        0  stm32f1xx_hal_tim.o(i.HAL_TIM_PeriodElapsedCallback)
    i.HAL_TIM_TriggerCallback                0x08002736   Section        0  stm32f1xx_hal_tim.o(i.HAL_TIM_TriggerCallback)
    i.HAL_UART_Init                          0x08002738   Section        0  stm32f1xx_hal_uart.o(i.HAL_UART_Init)
    i.HAL_UART_MspInit                       0x08002798   Section        0  usart.o(i.HAL_UART_MspInit)
    i.HAL_UART_Transmit                      0x080027f0   Section        0  stm32f1xx_hal_uart.o(i.HAL_UART_Transmit)
    i.MX_GPIO_Init                           0x080028bc   Section        0  gpio.o(i.MX_GPIO_Init)
    i.MX_SPI2_Init                           0x080029b4   Section        0  spi.o(i.MX_SPI2_Init)
    i.MX_TIM1_Init                           0x080029fc   Section        0  tim.o(i.MX_TIM1_Init)
    i.MX_TIM2_Init                           0x08002a58   Section        0  tim.o(i.MX_TIM2_Init)
    i.MX_TIM3_Init                           0x08002ae0   Section        0  tim.o(i.MX_TIM3_Init)
    i.MX_TIM4_Init                           0x08002b58   Section        0  tim.o(i.MX_TIM4_Init)
    i.MX_USART1_UART_Init                    0x08002c00   Section        0  usart.o(i.MX_USART1_UART_Init)
    i.NVIC_SetPriority                       0x08002c38   Section        0  stm32f1xx_hal_cortex.o(i.NVIC_SetPriority)
    NVIC_SetPriority                         0x08002c39   Thumb Code    32  stm32f1xx_hal_cortex.o(i.NVIC_SetPriority)
    i.PID_IncCalc                            0x08002c58   Section        0  pid_driver.o(i.PID_IncCalc)
    i.PID_IncPWMCtr                          0x08002cb8   Section        0  pid_driver.o(i.PID_IncPWMCtr)
    i.PID_Init                               0x08002d58   Section        0  pid_driver.o(i.PID_Init)
    i.PID_SetKd                              0x08002d70   Section        0  pid_driver.o(i.PID_SetKd)
    i.PID_SetKi                              0x08002d76   Section        0  pid_driver.o(i.PID_SetKi)
    i.PID_SetKp                              0x08002d7c   Section        0  pid_driver.o(i.PID_SetKp)
    i.PID_SetPoint                           0x08002d82   Section        0  pid_driver.o(i.PID_SetPoint)
    i.SPI_ISCRCErrorValid                    0x08002d86   Section        0  stm32f1xx_hal_spi_ex.o(i.SPI_ISCRCErrorValid)
    i.SPI_WaitOnFlagUntilTimeout             0x08002d8a   Section        0  stm32f1xx_hal_spi.o(i.SPI_WaitOnFlagUntilTimeout)
    SPI_WaitOnFlagUntilTimeout               0x08002d8b   Thumb Code   158  stm32f1xx_hal_spi.o(i.SPI_WaitOnFlagUntilTimeout)
    i.SystemClock_Config                     0x08002e28   Section        0  main.o(i.SystemClock_Config)
    i.SystemInit                             0x08002e90   Section        0  system_stm32f1xx.o(i.SystemInit)
    i.TIM1_UP_IRQHandler                     0x08002ed8   Section        0  stm32f1xx_it.o(i.TIM1_UP_IRQHandler)
    i.TIM2_IRQHandler                        0x08002f3c   Section        0  stm32f1xx_it.o(i.TIM2_IRQHandler)
    i.TIM3_IRQHandler                        0x08002f48   Section        0  stm32f1xx_it.o(i.TIM3_IRQHandler)
    i.TIM4_IRQHandler                        0x08002f54   Section        0  stm32f1xx_it.o(i.TIM4_IRQHandler)
    i.TIM_Base_SetConfig                     0x08002f60   Section        0  stm32f1xx_hal_tim.o(i.TIM_Base_SetConfig)
    i.TIM_CCxChannelCmd                      0x08002fc4   Section        0  stm32f1xx_hal_tim.o(i.TIM_CCxChannelCmd)
    i.TIM_ETR_SetConfig                      0x08002fda   Section        0  stm32f1xx_hal_tim.o(i.TIM_ETR_SetConfig)
    TIM_ETR_SetConfig                        0x08002fdb   Thumb Code    20  stm32f1xx_hal_tim.o(i.TIM_ETR_SetConfig)
    i.TIM_ITRx_SetConfig                     0x08002fee   Section        0  stm32f1xx_hal_tim.o(i.TIM_ITRx_SetConfig)
    TIM_ITRx_SetConfig                       0x08002fef   Thumb Code    16  stm32f1xx_hal_tim.o(i.TIM_ITRx_SetConfig)
    i.TIM_OC1_SetConfig                      0x08003000   Section        0  stm32f1xx_hal_tim.o(i.TIM_OC1_SetConfig)
    TIM_OC1_SetConfig                        0x08003001   Thumb Code    74  stm32f1xx_hal_tim.o(i.TIM_OC1_SetConfig)
    i.TIM_OC2_SetConfig                      0x08003050   Section        0  stm32f1xx_hal_tim.o(i.TIM_OC2_SetConfig)
    i.TIM_OC3_SetConfig                      0x080030a8   Section        0  stm32f1xx_hal_tim.o(i.TIM_OC3_SetConfig)
    TIM_OC3_SetConfig                        0x080030a9   Thumb Code    82  stm32f1xx_hal_tim.o(i.TIM_OC3_SetConfig)
    i.TIM_OC4_SetConfig                      0x08003100   Section        0  stm32f1xx_hal_tim.o(i.TIM_OC4_SetConfig)
    TIM_OC4_SetConfig                        0x08003101   Thumb Code    64  stm32f1xx_hal_tim.o(i.TIM_OC4_SetConfig)
    i.TIM_TI1_ConfigInputStage               0x08003144   Section        0  stm32f1xx_hal_tim.o(i.TIM_TI1_ConfigInputStage)
    TIM_TI1_ConfigInputStage                 0x08003145   Thumb Code    34  stm32f1xx_hal_tim.o(i.TIM_TI1_ConfigInputStage)
    i.TIM_TI2_ConfigInputStage               0x08003166   Section        0  stm32f1xx_hal_tim.o(i.TIM_TI2_ConfigInputStage)
    TIM_TI2_ConfigInputStage                 0x08003167   Thumb Code    36  stm32f1xx_hal_tim.o(i.TIM_TI2_ConfigInputStage)
    i.UART_SetConfig                         0x0800318c   Section        0  stm32f1xx_hal_uart.o(i.UART_SetConfig)
    UART_SetConfig                           0x0800318d   Thumb Code   364  stm32f1xx_hal_uart.o(i.UART_SetConfig)
    i.UART_WaitOnFlagUntilTimeout            0x080032fc   Section        0  stm32f1xx_hal_uart.o(i.UART_WaitOnFlagUntilTimeout)
    UART_WaitOnFlagUntilTimeout              0x080032fd   Thumb Code   146  stm32f1xx_hal_uart.o(i.UART_WaitOnFlagUntilTimeout)
    i.__0printf                              0x08003390   Section        0  printfa.o(i.__0printf)
    i.__scatterload_copy                     0x080033b0   Section       14  handlers.o(i.__scatterload_copy)
    i.__scatterload_null                     0x080033be   Section        2  handlers.o(i.__scatterload_null)
    i.__scatterload_zeroinit                 0x080033c0   Section       14  handlers.o(i.__scatterload_zeroinit)
    i._fp_digits                             0x080033d0   Section        0  printfa.o(i._fp_digits)
    _fp_digits                               0x080033d1   Thumb Code   334  printfa.o(i._fp_digits)
    i._init_box                              0x08003534   Section        0  rt_membox.o(i._init_box)
    i._printf_core                           0x0800357c   Section        0  printfa.o(i._printf_core)
    _printf_core                             0x0800357d   Thumb Code  1744  printfa.o(i._printf_core)
    i._printf_post_padding                   0x08003c58   Section        0  printfa.o(i._printf_post_padding)
    _printf_post_padding                     0x08003c59   Thumb Code    36  printfa.o(i._printf_post_padding)
    i._printf_pre_padding                    0x08003c7c   Section        0  printfa.o(i._printf_pre_padding)
    _printf_pre_padding                      0x08003c7d   Thumb Code    46  printfa.o(i._printf_pre_padding)
    i.adcTask                                0x08003cac   Section        0  main.o(i.adcTask)
    i.dbg_init                               0x08003dfc   Section        0  hal_cm3.o(i.dbg_init)
    i.dbg_task_notify                        0x08003e2c   Section        0  hal_cm3.o(i.dbg_task_notify)
    i.dbg_task_switch                        0x08003e4c   Section        0  hal_cm3.o(i.dbg_task_switch)
    i.fputc                                  0x08003e5c   Section        0  main.o(i.fputc)
    i.initTask                               0x08003e78   Section        0  main.o(i.initTask)
    i.main                                   0x08003ee0   Section        0  main.o(i.main)
    i.motorTask                              0x08003f5c   Section        0  main.o(i.motorTask)
    i.os_error                               0x08003ff4   Section        0  rtx_conf.o(i.os_error)
    i.os_idle_demon                          0x08003ff6   Section        0  rtx_conf.o(i.os_idle_demon)
    i.os_tick_init                           0x08003ff8   Section        0  rt_system.o(i.os_tick_init)
    i.os_tick_irqack                         0x08004020   Section        0  rt_system.o(i.os_tick_irqack)
    i.os_tmr_call                            0x08004022   Section        0  rtx_conf.o(i.os_tmr_call)
    i.printfTask                             0x08004024   Section        0  main.o(i.printfTask)
    i.rt_alloc_box                           0x0800407c   Section        0  rt_membox.o(i.rt_alloc_box)
    i.rt_block                               0x08004098   Section        0  rt_task.o(i.rt_block)
    i.rt_chk_robin                           0x080040d0   Section        0  rt_robin.o(i.rt_chk_robin)
    i.rt_dec_dly                             0x08004118   Section        0  rt_list.o(i.rt_dec_dly)
    i.rt_dispatch                            0x0800418c   Section        0  rt_task.o(i.rt_dispatch)
    i.rt_dly_wait                            0x080041d0   Section        0  rt_time.o(i.rt_dly_wait)
    i.rt_evt_psh                             0x080041d8   Section        0  rt_event.o(i.rt_evt_psh)
    i.rt_free_box                            0x08004224   Section        0  rt_membox.o(i.rt_free_box)
    i.rt_get_first                           0x08004244   Section        0  rt_list.o(i.rt_get_first)
    i.rt_get_same_rdy_prio                   0x0800426c   Section        0  rt_list.o(i.rt_get_same_rdy_prio)
    i.rt_init_context                        0x08004290   Section        0  rt_task.o(i.rt_init_context)
    rt_init_context                          0x08004291   Thumb Code    70  rt_task.o(i.rt_init_context)
    i.rt_init_robin                          0x080042dc   Section        0  rt_robin.o(i.rt_init_robin)
    i.rt_init_stack                          0x080042f4   Section        0  hal_cm3.o(i.rt_init_stack)
    i.rt_mbx_psh                             0x08004344   Section        0  rt_mailbox.o(i.rt_mbx_psh)
    i.rt_pop_req                             0x08004418   Section        0  rt_system.o(i.rt_pop_req)
    i.rt_put_dly                             0x08004494   Section        0  rt_list.o(i.rt_put_dly)
    i.rt_put_prio                            0x080044dc   Section        0  rt_list.o(i.rt_put_prio)
    i.rt_put_rdy_first                       0x08004514   Section        0  rt_list.o(i.rt_put_rdy_first)
    i.rt_rmv_dly                             0x08004528   Section        0  rt_list.o(i.rt_rmv_dly)
    i.rt_rmv_list                            0x08004550   Section        0  rt_list.o(i.rt_rmv_list)
    i.rt_sem_psh                             0x08004580   Section        0  rt_semaphore.o(i.rt_sem_psh)
    i.rt_stk_check                           0x080045b4   Section        0  rt_system.o(i.rt_stk_check)
    i.rt_switch_req                          0x080045d8   Section        0  rt_task.o(i.rt_switch_req)
    i.rt_sys_init                            0x08004600   Section        0  rt_task.o(i.rt_sys_init)
    i.rt_systick                             0x08004754   Section        0  rt_system.o(i.rt_systick)
    i.rt_tmr_tick                            0x08004794   Section        0  rt_timer.o(i.rt_tmr_tick)
    i.rt_tsk_create                          0x080047d4   Section        0  rt_task.o(i.rt_tsk_create)
    i.rt_tsk_delete                          0x08004864   Section        0  rt_task.o(i.rt_tsk_delete)
    i.rt_tsk_pass                            0x080049d0   Section        0  rt_task.o(i.rt_tsk_pass)
    i.testTask                               0x08004a00   Section        0  main.o(i.testTask)
    .constdata                               0x08004a24   Section        2  rtx_conf.o(.constdata)
    .constdata                               0x08004a28   Section        4  rtx_conf.o(.constdata)
    .constdata                               0x08004a2c   Section        4  rtx_conf.o(.constdata)
    .constdata                               0x08004a30   Section        4  rtx_conf.o(.constdata)
    .constdata                               0x08004a34   Section        1  rtx_conf.o(.constdata)
    .constdata                               0x08004a38   Section        8  rtx_conf.o(.constdata)
    __tagsym$$used                           0x08004a38   Number         0  rtx_conf.o(.constdata)
    __tagsym$$used                           0x08004a3c   Number         0  rtx_conf.o(.constdata)
    .constdata                               0x08004a40   Section        2  rtx_conf.o(.constdata)
    .constdata                               0x08004a44   Section        4  rtx_conf.o(.constdata)
    .constdata                               0x08004a48   Section        1  rtx_conf.o(.constdata)
    .constdata                               0x08004a4a   Section        2  rtx_conf.o(.constdata)
    .constdata                               0x08004a4c   Section       16  system_stm32f1xx.o(.constdata)
    .constdata                               0x08004a5c   Section        8  system_stm32f1xx.o(.constdata)
    .constdata                               0x08004a64   Section    16084  ads1248.o(.constdata)
    .constdata                               0x08008938   Section        4  rt_system.o(.constdata)
    __tagsym$$used                           0x08008938   Number         0  rt_system.o(.constdata)
    .data                                    0x20000000   Section        4  stm32f1xx_it.o(.data)
    CNT                                      0x20000000   Data           4  stm32f1xx_it.o(.data)
    .data                                    0x20000004   Section       16  main.o(.data)
    .data                                    0x20000014   Section        4  rtx_conf.o(.data)
    .data                                    0x20000018   Section        4  stm32f1xx_hal.o(.data)
    uwTick                                   0x20000018   Data           4  stm32f1xx_hal.o(.data)
    .data                                    0x2000001c   Section        1  stm32f1xx_hal_spi_ex.o(.data)
    .data                                    0x20000020   Section        4  system_stm32f1xx.o(.data)
    .data                                    0x20000024   Section        8  step_motor_driver.o(.data)
    .data                                    0x2000002c   Section        2  pid_driver.o(.data)
    pre_pulse                                0x2000002c   Data           1  pid_driver.o(.data)
    pre_pulse                                0x2000002d   Data           1  pid_driver.o(.data)
    .data                                    0x20000030   Section        8  rt_task.o(.data)
    .data                                    0x20000038   Section        4  rt_time.o(.data)
    .data                                    0x2000003c   Section        1  hal_cm3.o(.data)
    .data                                    0x20000040   Section        8  rt_system.o(.data)
    os_lock                                  0x20000040   Data           1  rt_system.o(.data)
    os_psh_flag                              0x20000041   Data           1  rt_system.o(.data)
    pend_flags                               0x20000042   Data           1  rt_system.o(.data)
    .data                                    0x20000048   Section        8  rt_robin.o(.data)
    .data                                    0x20000050   Section        8  rt_timer.o(.data)
    .data                                    0x20000058   Section        4  stdout.o(.data)
    .bss                                     0x2000005c   Section       64  usart.o(.bss)
    .bss                                     0x2000009c   Section       88  spi.o(.bss)
    .bss                                     0x200000f8   Section      336  main.o(.bss)
    PID_Chanel                               0x20000130   Data         280  main.o(.bss)
    .bss                                     0x20000248   Section      240  tim.o(.bss)
    .bss                                     0x20000338   Section      348  rtx_conf.o(.bss)
    .bss                                     0x20000498   Section     3600  rtx_conf.o(.bss)
    .bss                                     0x200012a8   Section      132  rtx_conf.o(.bss)
    .bss                                     0x2000132c   Section       24  rtx_conf.o(.bss)
    .bss                                     0x20001344   Section       56  rt_task.o(.bss)
    .bss                                     0x2000137c   Section       48  rt_list.o(.bss)
    STACK                                    0x200013b0   Section     1024  startup_stm32f103xb.o(STACK)

    Global Symbols

    Symbol Name                              Value     Ov Type        Size  Object(Section)

    BuildAttributes$$THM_ISAv4$P$D$K$B$S$PE$A:L22UL41UL21$X:L11$S22US41US21$IEEE1$IW$USESV6$~STKCKD$USESV7$~SHL$OTIME$ROPI$EBA8$MICROLIB$REQ8$PRES8$EABIv2 0x00000000   Number         0  anon$$obj.o ABSOLUTE
    __ARM_use_no_argv                        0x00000000   Number         0  main.o ABSOLUTE
    _printf_a                                0x00000000   Number         0  stubs.o ABSOLUTE
    _printf_c                                0x00000000   Number         0  stubs.o ABSOLUTE
    _printf_charcount                        0x00000000   Number         0  stubs.o ABSOLUTE
    _printf_d                                0x00000000   Number         0  stubs.o ABSOLUTE
    _printf_e                                0x00000000   Number         0  stubs.o ABSOLUTE
    _printf_f                                0x00000000   Number         0  stubs.o ABSOLUTE
    _printf_flags                            0x00000000   Number         0  stubs.o ABSOLUTE
    _printf_fp_dec                           0x00000000   Number         0  stubs.o ABSOLUTE
    _printf_fp_hex                           0x00000000   Number         0  stubs.o ABSOLUTE
    _printf_g                                0x00000000   Number         0  stubs.o ABSOLUTE
    _printf_i                                0x00000000   Number         0  stubs.o ABSOLUTE
    _printf_int_dec                          0x00000000   Number         0  stubs.o ABSOLUTE
    _printf_l                                0x00000000   Number         0  stubs.o ABSOLUTE
    _printf_lc                               0x00000000   Number         0  stubs.o ABSOLUTE
    _printf_ll                               0x00000000   Number         0  stubs.o ABSOLUTE
    _printf_lld                              0x00000000   Number         0  stubs.o ABSOLUTE
    _printf_lli                              0x00000000   Number         0  stubs.o ABSOLUTE
    _printf_llo                              0x00000000   Number         0  stubs.o ABSOLUTE
    _printf_llu                              0x00000000   Number         0  stubs.o ABSOLUTE
    _printf_llx                              0x00000000   Number         0  stubs.o ABSOLUTE
    _printf_longlong_dec                     0x00000000   Number         0  stubs.o ABSOLUTE
    _printf_longlong_hex                     0x00000000   Number         0  stubs.o ABSOLUTE
    _printf_longlong_oct                     0x00000000   Number         0  stubs.o ABSOLUTE
    _printf_ls                               0x00000000   Number         0  stubs.o ABSOLUTE
    _printf_mbtowc                           0x00000000   Number         0  stubs.o ABSOLUTE
    _printf_n                                0x00000000   Number         0  stubs.o ABSOLUTE
    _printf_o                                0x00000000   Number         0  stubs.o ABSOLUTE
    _printf_p                                0x00000000   Number         0  stubs.o ABSOLUTE
    _printf_percent                          0x00000000   Number         0  stubs.o ABSOLUTE
    _printf_pre_padding                      0x00000000   Number         0  stubs.o ABSOLUTE
    _printf_return_value                     0x00000000   Number         0  stubs.o ABSOLUTE
    _printf_s                                0x00000000   Number         0  stubs.o ABSOLUTE
    _printf_sizespec                         0x00000000   Number         0  stubs.o ABSOLUTE
    _printf_str                              0x00000000   Number         0  stubs.o ABSOLUTE
    _printf_truncate_signed                  0x00000000   Number         0  stubs.o ABSOLUTE
    _printf_truncate_unsigned                0x00000000   Number         0  stubs.o ABSOLUTE
    _printf_u                                0x00000000   Number         0  stubs.o ABSOLUTE
    _printf_wc                               0x00000000   Number         0  stubs.o ABSOLUTE
    _printf_wctomb                           0x00000000   Number         0  stubs.o ABSOLUTE
    _printf_widthprec                        0x00000000   Number         0  stubs.o ABSOLUTE
    _printf_x                                0x00000000   Number         0  stubs.o ABSOLUTE
    __cpp_initialize__aeabi_                  - Undefined Weak Reference
    __cxa_finalize                            - Undefined Weak Reference
    __decompress                              - Undefined Weak Reference
    _clock_init                               - Undefined Weak Reference
    _microlib_exit                            - Undefined Weak Reference
    __Vectors_Size                           0x000000ec   Number         0  startup_stm32f103xb.o ABSOLUTE
    __RL_RTX_VER                             0x00000475   Number         0  rt_system.o ABSOLUTE
    __Vectors                                0x08000000   Data           4  startup_stm32f103xb.o(RESET)
    __Vectors_End                            0x080000ec   Data           0  startup_stm32f103xb.o(RESET)
    __main                                   0x080000ed   Thumb Code     0  entry.o(.ARM.Collect$$$$00000000)
    _main_stk                                0x080000ed   Thumb Code     0  entry2.o(.ARM.Collect$$$$00000001)
    _main_scatterload                        0x080000f1   Thumb Code     0  entry5.o(.ARM.Collect$$$$00000004)
    __main_after_scatterload                 0x080000f5   Thumb Code     0  entry5.o(.ARM.Collect$$$$00000004)
    _main_clock                              0x080000f5   Thumb Code     0  entry7b.o(.ARM.Collect$$$$00000008)
    _main_cpp_init                           0x080000f5   Thumb Code     0  entry8b.o(.ARM.Collect$$$$0000000A)
    _main_init                               0x080000f5   Thumb Code     0  entry9a.o(.ARM.Collect$$$$0000000B)
    __rt_final_cpp                           0x080000fd   Thumb Code     0  entry10a.o(.ARM.Collect$$$$0000000D)
    __rt_final_exit                          0x080000fd   Thumb Code     0  entry11a.o(.ARM.Collect$$$$0000000F)
    rt_set_PSP                               0x08000101   Thumb Code     6  hal_cm3.o(.emb_text)
    rt_get_PSP                               0x08000107   Thumb Code     6  hal_cm3.o(.emb_text)
    os_set_env                               0x0800010d   Thumb Code    24  hal_cm3.o(.emb_text)
    _alloc_box                               0x08000129   Thumb Code    28  hal_cm3.o(.emb_text)
    _free_box                                0x08000149   Thumb Code    28  hal_cm3.o(.emb_text)
    SVC_Handler                              0x08000169   Thumb Code   124  hal_cm3.o(.emb_text)
    PendSV_Handler                           0x080001f1   Thumb Code    76  hal_cm3.o(.emb_text)
    SysTick_Handler                          0x08000241   Thumb Code     8  hal_cm3.o(.emb_text)
    OS_Tick_Handler                          0x08000249   Thumb Code    12  hal_cm3.o(.emb_text)
    Reset_Handler                            0x08000255   Thumb Code     8  startup_stm32f103xb.o(.text)
    NMI_Handler                              0x0800025d   Thumb Code     2  startup_stm32f103xb.o(.text)
    HardFault_Handler                        0x0800025f   Thumb Code     2  startup_stm32f103xb.o(.text)
    MemManage_Handler                        0x08000261   Thumb Code     2  startup_stm32f103xb.o(.text)
    BusFault_Handler                         0x08000263   Thumb Code     2  startup_stm32f103xb.o(.text)
    UsageFault_Handler                       0x08000265   Thumb Code     2  startup_stm32f103xb.o(.text)
    DebugMon_Handler                         0x08000269   Thumb Code     2  startup_stm32f103xb.o(.text)
    ADC1_2_IRQHandler                        0x0800026f   Thumb Code     0  startup_stm32f103xb.o(.text)
    CAN1_RX1_IRQHandler                      0x0800026f   Thumb Code     0  startup_stm32f103xb.o(.text)
    CAN1_SCE_IRQHandler                      0x0800026f   Thumb Code     0  startup_stm32f103xb.o(.text)
    DMA1_Channel1_IRQHandler                 0x0800026f   Thumb Code     0  startup_stm32f103xb.o(.text)
    DMA1_Channel2_IRQHandler                 0x0800026f   Thumb Code     0  startup_stm32f103xb.o(.text)
    DMA1_Channel3_IRQHandler                 0x0800026f   Thumb Code     0  startup_stm32f103xb.o(.text)
    DMA1_Channel4_IRQHandler                 0x0800026f   Thumb Code     0  startup_stm32f103xb.o(.text)
    DMA1_Channel5_IRQHandler                 0x0800026f   Thumb Code     0  startup_stm32f103xb.o(.text)
    DMA1_Channel6_IRQHandler                 0x0800026f   Thumb Code     0  startup_stm32f103xb.o(.text)
    DMA1_Channel7_IRQHandler                 0x0800026f   Thumb Code     0  startup_stm32f103xb.o(.text)
    EXTI0_IRQHandler                         0x0800026f   Thumb Code     0  startup_stm32f103xb.o(.text)
    EXTI15_10_IRQHandler                     0x0800026f   Thumb Code     0  startup_stm32f103xb.o(.text)
    EXTI1_IRQHandler                         0x0800026f   Thumb Code     0  startup_stm32f103xb.o(.text)
    EXTI2_IRQHandler                         0x0800026f   Thumb Code     0  startup_stm32f103xb.o(.text)
    EXTI3_IRQHandler                         0x0800026f   Thumb Code     0  startup_stm32f103xb.o(.text)
    EXTI4_IRQHandler                         0x0800026f   Thumb Code     0  startup_stm32f103xb.o(.text)
    EXTI9_5_IRQHandler                       0x0800026f   Thumb Code     0  startup_stm32f103xb.o(.text)
    FLASH_IRQHandler                         0x0800026f   Thumb Code     0  startup_stm32f103xb.o(.text)
    I2C1_ER_IRQHandler                       0x0800026f   Thumb Code     0  startup_stm32f103xb.o(.text)
    I2C1_EV_IRQHandler                       0x0800026f   Thumb Code     0  startup_stm32f103xb.o(.text)
    I2C2_ER_IRQHandler                       0x0800026f   Thumb Code     0  startup_stm32f103xb.o(.text)
    I2C2_EV_IRQHandler                       0x0800026f   Thumb Code     0  startup_stm32f103xb.o(.text)
    PVD_IRQHandler                           0x0800026f   Thumb Code     0  startup_stm32f103xb.o(.text)
    RCC_IRQHandler                           0x0800026f   Thumb Code     0  startup_stm32f103xb.o(.text)
    RTC_Alarm_IRQHandler                     0x0800026f   Thumb Code     0  startup_stm32f103xb.o(.text)
    RTC_IRQHandler                           0x0800026f   Thumb Code     0  startup_stm32f103xb.o(.text)
    SPI1_IRQHandler                          0x0800026f   Thumb Code     0  startup_stm32f103xb.o(.text)
    SPI2_IRQHandler                          0x0800026f   Thumb Code     0  startup_stm32f103xb.o(.text)
    TAMPER_IRQHandler                        0x0800026f   Thumb Code     0  startup_stm32f103xb.o(.text)
    TIM1_BRK_IRQHandler                      0x0800026f   Thumb Code     0  startup_stm32f103xb.o(.text)
    TIM1_CC_IRQHandler                       0x0800026f   Thumb Code     0  startup_stm32f103xb.o(.text)
    TIM1_TRG_COM_IRQHandler                  0x0800026f   Thumb Code     0  startup_stm32f103xb.o(.text)
    USART1_IRQHandler                        0x0800026f   Thumb Code     0  startup_stm32f103xb.o(.text)
    USART2_IRQHandler                        0x0800026f   Thumb Code     0  startup_stm32f103xb.o(.text)
    USART3_IRQHandler                        0x0800026f   Thumb Code     0  startup_stm32f103xb.o(.text)
    USBWakeUp_IRQHandler                     0x0800026f   Thumb Code     0  startup_stm32f103xb.o(.text)
    USB_HP_CAN1_TX_IRQHandler                0x0800026f   Thumb Code     0  startup_stm32f103xb.o(.text)
    USB_LP_CAN1_RX0_IRQHandler               0x0800026f   Thumb Code     0  startup_stm32f103xb.o(.text)
    WWDG_IRQHandler                          0x0800026f   Thumb Code     0  startup_stm32f103xb.o(.text)
    __aeabi_llsr                             0x08000279   Thumb Code    32  llushr.o(.text)
    _ll_ushift_r                             0x08000279   Thumb Code     0  llushr.o(.text)
    __aeabi_fadd                             0x08000299   Thumb Code   164  fadd.o(.text)
    __aeabi_fsub                             0x0800033d   Thumb Code     6  fadd.o(.text)
    __aeabi_frsub                            0x08000343   Thumb Code     6  fadd.o(.text)
    __aeabi_dadd                             0x08000349   Thumb Code   322  dadd.o(.text)
    __aeabi_dsub                             0x0800048b   Thumb Code     6  dadd.o(.text)
    __aeabi_drsub                            0x08000491   Thumb Code     6  dadd.o(.text)
    __aeabi_dmul                             0x08000497   Thumb Code   228  dmul.o(.text)
    __aeabi_ddiv                             0x0800057b   Thumb Code   222  ddiv.o(.text)
    __aeabi_i2f                              0x08000659   Thumb Code    18  fflti.o(.text)
    __aeabi_i2d                              0x0800066b   Thumb Code    34  dflti.o(.text)
    __aeabi_ui2d                             0x0800068d   Thumb Code    26  dfltui.o(.text)
    __aeabi_f2iz                             0x080006a7   Thumb Code    50  ffixi.o(.text)
    __aeabi_d2iz                             0x080006d9   Thumb Code    62  dfixi.o(.text)
    __aeabi_f2d                              0x08000717   Thumb Code    38  f2d.o(.text)
    __aeabi_d2f                              0x0800073d   Thumb Code    56  d2f.o(.text)
    __aeabi_cfcmpeq                          0x08000775   Thumb Code     0  cfcmple.o(.text)
    __aeabi_cfcmple                          0x08000775   Thumb Code    20  cfcmple.o(.text)
    __aeabi_cfrcmple                         0x08000789   Thumb Code    20  cfrcmple.o(.text)
    __aeabi_uidiv                            0x0800079d   Thumb Code     0  uidiv.o(.text)
    __aeabi_uidivmod                         0x0800079d   Thumb Code    44  uidiv.o(.text)
    __aeabi_uldivmod                         0x080007c9   Thumb Code    98  uldiv.o(.text)
    __aeabi_llsl                             0x0800082b   Thumb Code    30  llshl.o(.text)
    _ll_shift_l                              0x0800082b   Thumb Code     0  llshl.o(.text)
    __aeabi_lasr                             0x08000849   Thumb Code    36  llsshr.o(.text)
    _ll_sshift_r                             0x08000849   Thumb Code     0  llsshr.o(.text)
    __I$use$fp                               0x0800086d   Thumb Code     0  iusefp.o(.text)
    _float_round                             0x0800086d   Thumb Code    18  fepilogue.o(.text)
    _float_epilogue                          0x0800087f   Thumb Code    92  fepilogue.o(.text)
    _double_round                            0x080008db   Thumb Code    30  depilogue.o(.text)
    _double_epilogue                         0x080008f9   Thumb Code   156  depilogue.o(.text)
    __aeabi_d2ulz                            0x08000995   Thumb Code    48  dfixul.o(.text)
    __aeabi_cdrcmple                         0x080009c5   Thumb Code    48  cdrcmple.o(.text)
    __scatterload                            0x080009f5   Thumb Code    28  init.o(.text)
    __scatterload_rt2                        0x080009f5   Thumb Code     0  init.o(.text)
    SVC_Count                                0x08000a18   Data           4  svc_table.o(SVC_TABLE)
    ADS1248_AdToTemp                         0x08000a1d   Thumb Code   198  ads1248.o(i.ADS1248_AdToTemp)
    SVC_Table                                0x08000a1c   Data           0  svc_table.o(SVC_TABLE)
    ADS1248_Calibrate                        0x08000afd   Thumb Code   100  ads1248.o(i.ADS1248_Calibrate)
    ADS1248_Channel_Data                     0x08000b61   Thumb Code    24  ads1248.o(i.ADS1248_Channel_Data)
    ADS1248_Init                             0x08000b79   Thumb Code   140  ads1248.o(i.ADS1248_Init)
    ADS1248_Read                             0x08000c09   Thumb Code    98  ads1248.o(i.ADS1248_Read)
    ADS1248_ReadReg                          0x08000c7d   Thumb Code   100  ads1248.o(i.ADS1248_ReadReg)
    ADS1248_Reset                            0x08000ce9   Thumb Code    64  ads1248.o(i.ADS1248_Reset)
    ADS1248_Start                            0x08000d31   Thumb Code    38  ads1248.o(i.ADS1248_Start)
    ADS1248_Stop                             0x08000d5d   Thumb Code    12  ads1248.o(i.ADS1248_Stop)
    ADS1248_WaitBusy                         0x08000d6d   Thumb Code    84  ads1248.o(i.ADS1248_WaitBusy)
    ADS1248_WriteCmd                         0x08000dcd   Thumb Code    44  ads1248.o(i.ADS1248_WriteCmd)
    ADS1248_WriteReg                         0x08000e01   Thumb Code    82  ads1248.o(i.ADS1248_WriteReg)
    BSP_STEP_MOTOR_Dir_Set                   0x08000e5d   Thumb Code    20  step_motor_driver.o(i.BSP_STEP_MOTOR_Dir_Set)
    BSP_STEP_MOTOR_Init                      0x08000e75   Thumb Code    38  step_motor_driver.o(i.BSP_STEP_MOTOR_Init)
    BSP_STEP_MOTOR_MicroStep_Set             0x08000ea5   Thumb Code    66  step_motor_driver.o(i.BSP_STEP_MOTOR_MicroStep_Set)
    Change_Channel                           0x08000eed   Thumb Code    54  ads1248.o(i.Change_Channel)
    Error_Handler                            0x08000f23   Thumb Code     2  main.o(i.Error_Handler)
    HAL_Delay                                0x08000f25   Thumb Code    22  stm32f1xx_hal.o(i.HAL_Delay)
    HAL_GPIO_Init                            0x08000f3d   Thumb Code   408  stm32f1xx_hal_gpio.o(i.HAL_GPIO_Init)
    HAL_GPIO_ReadPin                         0x080010f9   Thumb Code    10  stm32f1xx_hal_gpio.o(i.HAL_GPIO_ReadPin)
    HAL_GPIO_TogglePin                       0x08001103   Thumb Code     8  stm32f1xx_hal_gpio.o(i.HAL_GPIO_TogglePin)
    HAL_GPIO_WritePin                        0x0800110b   Thumb Code    10  stm32f1xx_hal_gpio.o(i.HAL_GPIO_WritePin)
    HAL_GetTick                              0x08001115   Thumb Code     6  stm32f1xx_hal.o(i.HAL_GetTick)
    HAL_Init                                 0x08001121   Thumb Code    32  stm32f1xx_hal.o(i.HAL_Init)
    HAL_InitTick                             0x08001145   Thumb Code    34  stm32f1xx_hal.o(i.HAL_InitTick)
    HAL_MspInit                              0x08001169   Thumb Code   118  stm32f1xx_hal_msp.o(i.HAL_MspInit)
    HAL_NVIC_EnableIRQ                       0x080011e9   Thumb Code    22  stm32f1xx_hal_cortex.o(i.HAL_NVIC_EnableIRQ)
    HAL_NVIC_SetPriority                     0x08001201   Thumb Code    60  stm32f1xx_hal_cortex.o(i.HAL_NVIC_SetPriority)
    HAL_NVIC_SetPriorityGrouping             0x08001241   Thumb Code    26  stm32f1xx_hal_cortex.o(i.HAL_NVIC_SetPriorityGrouping)
    HAL_RCC_ClockConfig                      0x08001265   Thumb Code   374  stm32f1xx_hal_rcc.o(i.HAL_RCC_ClockConfig)
    HAL_RCC_GetHCLKFreq                      0x080013ed   Thumb Code     6  stm32f1xx_hal_rcc.o(i.HAL_RCC_GetHCLKFreq)
    HAL_RCC_GetPCLK1Freq                     0x080013f9   Thumb Code    34  stm32f1xx_hal_rcc.o(i.HAL_RCC_GetPCLK1Freq)
    HAL_RCC_GetPCLK2Freq                     0x08001429   Thumb Code    34  stm32f1xx_hal_rcc.o(i.HAL_RCC_GetPCLK2Freq)
    HAL_RCC_GetSysClockFreq                  0x08001459   Thumb Code   102  stm32f1xx_hal_rcc.o(i.HAL_RCC_GetSysClockFreq)
    HAL_RCC_OscConfig                        0x080014e1   Thumb Code  1406  stm32f1xx_hal_rcc.o(i.HAL_RCC_OscConfig)
    HAL_SPI_Init                             0x08001a61   Thumb Code   132  stm32f1xx_hal_spi_ex.o(i.HAL_SPI_Init)
    HAL_SPI_MspInit                          0x08001ae9   Thumb Code    78  spi.o(i.HAL_SPI_MspInit)
    HAL_SPI_Receive                          0x08001b45   Thumb Code   492  stm32f1xx_hal_spi.o(i.HAL_SPI_Receive)
    HAL_SPI_Transmit                         0x08001d31   Thumb Code   326  stm32f1xx_hal_spi.o(i.HAL_SPI_Transmit)
    HAL_SPI_TransmitReceive                  0x08001e77   Thumb Code   690  stm32f1xx_hal_spi.o(i.HAL_SPI_TransmitReceive)
    HAL_SYSTICK_CLKSourceConfig              0x08002129   Thumb Code    24  stm32f1xx_hal_cortex.o(i.HAL_SYSTICK_CLKSourceConfig)
    HAL_SYSTICK_Config                       0x08002141   Thumb Code    40  stm32f1xx_hal_cortex.o(i.HAL_SYSTICK_Config)
    HAL_TIMEx_BreakCallback                  0x08002169   Thumb Code     2  stm32f1xx_hal_tim_ex.o(i.HAL_TIMEx_BreakCallback)
    HAL_TIMEx_CommutationCallback            0x0800216b   Thumb Code     2  stm32f1xx_hal_tim_ex.o(i.HAL_TIMEx_CommutationCallback)
    HAL_TIMEx_MasterConfigSynchronization    0x0800216d   Thumb Code    80  stm32f1xx_hal_tim_ex.o(i.HAL_TIMEx_MasterConfigSynchronization)
    HAL_TIM_Base_Init                        0x080021bd   Thumb Code    54  stm32f1xx_hal_tim.o(i.HAL_TIM_Base_Init)
    HAL_TIM_Base_MspInit                     0x080021f5   Thumb Code   122  tim.o(i.HAL_TIM_Base_MspInit)
    HAL_TIM_Base_Start_IT                    0x0800227d   Thumb Code    24  stm32f1xx_hal_tim.o(i.HAL_TIM_Base_Start_IT)
    HAL_TIM_Base_Stop_IT                     0x08002295   Thumb Code    42  stm32f1xx_hal_tim.o(i.HAL_TIM_Base_Stop_IT)
    HAL_TIM_ConfigClockSource                0x080022bf   Thumb Code   242  stm32f1xx_hal_tim.o(i.HAL_TIM_ConfigClockSource)
    HAL_TIM_IC_CaptureCallback               0x080023b1   Thumb Code     2  stm32f1xx_hal_tim.o(i.HAL_TIM_IC_CaptureCallback)
    HAL_TIM_IRQHandler                       0x080023b3   Thumb Code   358  stm32f1xx_hal_tim.o(i.HAL_TIM_IRQHandler)
    HAL_TIM_MspPostInit                      0x08002519   Thumb Code   100  tim.o(i.HAL_TIM_MspPostInit)
    HAL_TIM_OC_DelayElapsedCallback          0x0800258d   Thumb Code     2  stm32f1xx_hal_tim.o(i.HAL_TIM_OC_DelayElapsedCallback)
    HAL_TIM_PWM_ConfigChannel                0x0800258f   Thumb Code   208  stm32f1xx_hal_tim.o(i.HAL_TIM_PWM_ConfigChannel)
    HAL_TIM_PWM_Init                         0x0800265f   Thumb Code    54  stm32f1xx_hal_tim.o(i.HAL_TIM_PWM_Init)
    HAL_TIM_PWM_MspInit                      0x08002695   Thumb Code    50  tim.o(i.HAL_TIM_PWM_MspInit)
    HAL_TIM_PWM_PulseFinishedCallback        0x080026d1   Thumb Code     2  stm32f1xx_hal_tim.o(i.HAL_TIM_PWM_PulseFinishedCallback)
    HAL_TIM_PWM_Start_IT                     0x080026d5   Thumb Code    92  stm32f1xx_hal_tim.o(i.HAL_TIM_PWM_Start_IT)
    HAL_TIM_PeriodElapsedCallback            0x08002735   Thumb Code     2  stm32f1xx_hal_tim.o(i.HAL_TIM_PeriodElapsedCallback)
    HAL_TIM_TriggerCallback                  0x08002737   Thumb Code     2  stm32f1xx_hal_tim.o(i.HAL_TIM_TriggerCallback)
    HAL_UART_Init                            0x08002739   Thumb Code    94  stm32f1xx_hal_uart.o(i.HAL_UART_Init)
    HAL_UART_MspInit                         0x08002799   Thumb Code    76  usart.o(i.HAL_UART_MspInit)
    HAL_UART_Transmit                        0x080027f1   Thumb Code   204  stm32f1xx_hal_uart.o(i.HAL_UART_Transmit)
    MX_GPIO_Init                             0x080028bd   Thumb Code   232  gpio.o(i.MX_GPIO_Init)
    MX_SPI2_Init                             0x080029b5   Thumb Code    62  spi.o(i.MX_SPI2_Init)
    MX_TIM1_Init                             0x080029fd   Thumb Code    82  tim.o(i.MX_TIM1_Init)
    MX_TIM2_Init                             0x08002a59   Thumb Code   130  tim.o(i.MX_TIM2_Init)
    MX_TIM3_Init                             0x08002ae1   Thumb Code   110  tim.o(i.MX_TIM3_Init)
    MX_TIM4_Init                             0x08002b59   Thumb Code   158  tim.o(i.MX_TIM4_Init)
    MX_USART1_UART_Init                      0x08002c01   Thumb Code    48  usart.o(i.MX_USART1_UART_Init)
    PID_IncCalc                              0x08002c59   Thumb Code    94  pid_driver.o(i.PID_IncCalc)
    PID_IncPWMCtr                            0x08002cb9   Thumb Code   142  pid_driver.o(i.PID_IncPWMCtr)
    PID_Init                                 0x08002d59   Thumb Code    24  pid_driver.o(i.PID_Init)
    PID_SetKd                                0x08002d71   Thumb Code     6  pid_driver.o(i.PID_SetKd)
    PID_SetKi                                0x08002d77   Thumb Code     6  pid_driver.o(i.PID_SetKi)
    PID_SetKp                                0x08002d7d   Thumb Code     6  pid_driver.o(i.PID_SetKp)
    PID_SetPoint                             0x08002d83   Thumb Code     4  pid_driver.o(i.PID_SetPoint)
    SPI_ISCRCErrorValid                      0x08002d87   Thumb Code     4  stm32f1xx_hal_spi_ex.o(i.SPI_ISCRCErrorValid)
    SystemClock_Config                       0x08002e29   Thumb Code   102  main.o(i.SystemClock_Config)
    SystemInit                               0x08002e91   Thumb Code    56  system_stm32f1xx.o(i.SystemInit)
    TIM1_UP_IRQHandler                       0x08002ed9   Thumb Code    84  stm32f1xx_it.o(i.TIM1_UP_IRQHandler)
    TIM2_IRQHandler                          0x08002f3d   Thumb Code     6  stm32f1xx_it.o(i.TIM2_IRQHandler)
    TIM3_IRQHandler                          0x08002f49   Thumb Code     6  stm32f1xx_it.o(i.TIM3_IRQHandler)
    TIM4_IRQHandler                          0x08002f55   Thumb Code     6  stm32f1xx_it.o(i.TIM4_IRQHandler)
    TIM_Base_SetConfig                       0x08002f61   Thumb Code    86  stm32f1xx_hal_tim.o(i.TIM_Base_SetConfig)
    TIM_CCxChannelCmd                        0x08002fc5   Thumb Code    22  stm32f1xx_hal_tim.o(i.TIM_CCxChannelCmd)
    TIM_OC2_SetConfig                        0x08003051   Thumb Code    84  stm32f1xx_hal_tim.o(i.TIM_OC2_SetConfig)
    __0printf                                0x08003391   Thumb Code    22  printfa.o(i.__0printf)
    __1printf                                0x08003391   Thumb Code     0  printfa.o(i.__0printf)
    __2printf                                0x08003391   Thumb Code     0  printfa.o(i.__0printf)
    __c89printf                              0x08003391   Thumb Code     0  printfa.o(i.__0printf)
    printf                                   0x08003391   Thumb Code     0  printfa.o(i.__0printf)
    __scatterload_copy                       0x080033b1   Thumb Code    14  handlers.o(i.__scatterload_copy)
    __scatterload_null                       0x080033bf   Thumb Code     2  handlers.o(i.__scatterload_null)
    __scatterload_zeroinit                   0x080033c1   Thumb Code    14  handlers.o(i.__scatterload_zeroinit)
    _init_box                                0x08003535   Thumb Code    70  rt_membox.o(i._init_box)
    adcTask                                  0x08003cad   Thumb Code   296  main.o(i.adcTask)
    dbg_init                                 0x08003dfd   Thumb Code    34  hal_cm3.o(i.dbg_init)
    dbg_task_notify                          0x08003e2d   Thumb Code    32  hal_cm3.o(i.dbg_task_notify)
    dbg_task_switch                          0x08003e4d   Thumb Code    16  hal_cm3.o(i.dbg_task_switch)
    fputc                                    0x08003e5d   Thumb Code    24  main.o(i.fputc)
    initTask                                 0x08003e79   Thumb Code    76  main.o(i.initTask)
    main                                     0x08003ee1   Thumb Code   102  main.o(i.main)
    motorTask                                0x08003f5d   Thumb Code   134  main.o(i.motorTask)
    os_error                                 0x08003ff5   Thumb Code     2  rtx_conf.o(i.os_error)
    os_idle_demon                            0x08003ff7   Thumb Code     2  rtx_conf.o(i.os_idle_demon)
    os_tick_init                             0x08003ff9   Thumb Code    32  rt_system.o(i.os_tick_init)
    os_tick_irqack                           0x08004021   Thumb Code     2  rt_system.o(i.os_tick_irqack)
    os_tmr_call                              0x08004023   Thumb Code     2  rtx_conf.o(i.os_tmr_call)
    printfTask                               0x08004025   Thumb Code    54  main.o(i.printfTask)
    rt_alloc_box                             0x0800407d   Thumb Code    26  rt_membox.o(i.rt_alloc_box)
    rt_block                                 0x08004099   Thumb Code    48  rt_task.o(i.rt_block)
    rt_chk_robin                             0x080040d1   Thumb Code    60  rt_robin.o(i.rt_chk_robin)
    rt_dec_dly                               0x08004119   Thumb Code   106  rt_list.o(i.rt_dec_dly)
    rt_dispatch                              0x0800418d   Thumb Code    60  rt_task.o(i.rt_dispatch)
    rt_dly_wait                              0x080041d1   Thumb Code     6  rt_time.o(i.rt_dly_wait)
    rt_evt_psh                               0x080041d9   Thumb Code    72  rt_event.o(i.rt_evt_psh)
    rt_free_box                              0x08004225   Thumb Code    32  rt_membox.o(i.rt_free_box)
    rt_get_first                             0x08004245   Thumb Code    40  rt_list.o(i.rt_get_first)
    rt_get_same_rdy_prio                     0x0800426d   Thumb Code    26  rt_list.o(i.rt_get_same_rdy_prio)
    rt_init_robin                            0x080042dd   Thumb Code    14  rt_robin.o(i.rt_init_robin)
    rt_init_stack                            0x080042f5   Thumb Code    70  hal_cm3.o(i.rt_init_stack)
    rt_mbx_psh                               0x08004345   Thumb Code   206  rt_mailbox.o(i.rt_mbx_psh)
    rt_pop_req                               0x08004419   Thumb Code   112  rt_system.o(i.rt_pop_req)
    rt_put_dly                               0x08004495   Thumb Code    68  rt_list.o(i.rt_put_dly)
    rt_put_prio                              0x080044dd   Thumb Code    54  rt_list.o(i.rt_put_prio)
    rt_put_rdy_first                         0x08004515   Thumb Code    14  rt_list.o(i.rt_put_rdy_first)
    rt_rmv_dly                               0x08004529   Thumb Code    40  rt_list.o(i.rt_rmv_dly)
    rt_rmv_list                              0x08004551   Thumb Code    44  rt_list.o(i.rt_rmv_list)
    rt_sem_psh                               0x08004581   Thumb Code    46  rt_semaphore.o(i.rt_sem_psh)
    rt_stk_check                             0x080045b5   Thumb Code    28  rt_system.o(i.rt_stk_check)
    rt_switch_req                            0x080045d9   Thumb Code    30  rt_task.o(i.rt_switch_req)
    rt_sys_init                              0x08004601   Thumb Code   268  rt_task.o(i.rt_sys_init)
    rt_systick                               0x08004755   Thumb Code    50  rt_system.o(i.rt_systick)
    rt_tmr_tick                              0x08004795   Thumb Code    56  rt_timer.o(i.rt_tmr_tick)
    rt_tsk_create                            0x080047d5   Thumb Code   122  rt_task.o(i.rt_tsk_create)
    rt_tsk_delete                            0x08004865   Thumb Code   336  rt_task.o(i.rt_tsk_delete)
    rt_tsk_pass                              0x080049d1   Thumb Code    38  rt_task.o(i.rt_tsk_pass)
    testTask                                 0x08004a01   Thumb Code    28  main.o(i.testTask)
    os_maxtaskrun                            0x08004a24   Data           2  rtx_conf.o(.constdata)
    os_stackinfo                             0x08004a28   Data           4  rtx_conf.o(.constdata)
    os_rrobin                                0x08004a2c   Data           4  rtx_conf.o(.constdata)
    os_trv                                   0x08004a30   Data           4  rtx_conf.o(.constdata)
    os_flags                                 0x08004a34   Data           1  rtx_conf.o(.constdata)
    os_clockrate                             0x08004a38   Data           4  rtx_conf.o(.constdata)
    os_timernum                              0x08004a3c   Data           4  rtx_conf.o(.constdata)
    mp_tcb_size                              0x08004a40   Data           2  rtx_conf.o(.constdata)
    mp_stk_size                              0x08004a44   Data           4  rtx_conf.o(.constdata)
    os_fifo_size                             0x08004a48   Data           1  rtx_conf.o(.constdata)
    mp_tmr_size                              0x08004a4a   Data           2  rtx_conf.o(.constdata)
    AHBPrescTable                            0x08004a4c   Data          16  system_stm32f1xx.o(.constdata)
    APBPrescTable                            0x08004a5c   Data           8  system_stm32f1xx.o(.constdata)
    pt100_table                              0x08004a64   Data       16084  ads1248.o(.constdata)
    RL_RTX_Version                           0x08008938   Data           4  rt_system.o(.constdata)
    Region$$Table$$Base                      0x0800893c   Number         0  anon$$obj.o(Region$$Table)
    Region$$Table$$Limit                     0x0800895c   Number         0  anon$$obj.o(Region$$Table)
    t_adc                                    0x20000004   Data           4  main.o(.data)
    t_printf                                 0x20000008   Data           4  main.o(.data)
    t_motor                                  0x2000000c   Data           4  main.o(.data)
    t_test                                   0x20000010   Data           4  main.o(.data)
    m_tmr                                    0x20000014   Data           4  rtx_conf.o(.data)
    uCRCErrorWorkaroundCheck                 0x2000001c   Data           1  stm32f1xx_hal_spi_ex.o(.data)
    SystemCoreClock                          0x20000020   Data           4  system_stm32f1xx.o(.data)
    STEP_MOTOR_Msg                           0x20000024   Data           8  step_motor_driver.o(.data)
    os_tsk                                   0x20000030   Data           8  rt_task.o(.data)
    os_time                                  0x20000038   Data           4  rt_time.o(.data)
    dbg_msg                                  0x2000003c   Data           1  hal_cm3.o(.data)
    os_tick_irqn                             0x20000044   Data           4  rt_system.o(.data)
    os_robin                                 0x20000048   Data           8  rt_robin.o(.data)
    os_tmr                                   0x20000050   Data           8  rt_timer.o(.data)
    __stdout                                 0x20000058   Data           4  stdout.o(.data)
    huart1                                   0x2000005c   Data          64  usart.o(.bss)
    hspi2                                    0x2000009c   Data          88  spi.o(.bss)
    chanelDataArray                          0x200000f8   Data          28  main.o(.bss)
    chanelTempArray                          0x20000114   Data          28  main.o(.bss)
    htim1                                    0x20000248   Data          60  tim.o(.bss)
    htim2                                    0x20000284   Data          60  tim.o(.bss)
    htim3                                    0x200002c0   Data          60  tim.o(.bss)
    htim4                                    0x200002fc   Data          60  tim.o(.bss)
    mp_tcb                                   0x20000338   Data         348  rtx_conf.o(.bss)
    mp_stk                                   0x20000498   Data        3600  rtx_conf.o(.bss)
    os_fifo                                  0x200012a8   Data         132  rtx_conf.o(.bss)
    os_active_TCB                            0x2000132c   Data          24  rtx_conf.o(.bss)
    os_idle_TCB                              0x20001344   Data          56  rt_task.o(.bss)
    os_rdy                                   0x2000137c   Data          24  rt_list.o(.bss)
    os_dly                                   0x20001394   Data          24  rt_list.o(.bss)
    __initial_sp                             0x200017b0   Data           0  startup_stm32f103xb.o(STACK)



==============================================================================

Memory Map of the image

  Image Entry point : 0x080000ed

  Load Region LR_IROM1 (Base: 0x08000000, Size: 0x000089b8, Max: 0x00010000, ABSOLUTE)

    Execution Region ER_IROM1 (Base: 0x08000000, Size: 0x0000895c, Max: 0x00010000, ABSOLUTE)

    Base Addr    Size         Type   Attr      Idx    E Section Name        Object

    0x08000000   0x000000ec   Data   RO            3    RESET               startup_stm32f103xb.o
    0x080000ec   0x00000000   Code   RO         3609  * .ARM.Collect$$$$00000000  mc_w.l(entry.o)
    0x080000ec   0x00000004   Code   RO         3903    .ARM.Collect$$$$00000001  mc_w.l(entry2.o)
    0x080000f0   0x00000004   Code   RO         3906    .ARM.Collect$$$$00000004  mc_w.l(entry5.o)
    0x080000f4   0x00000000   Code   RO         3908    .ARM.Collect$$$$00000008  mc_w.l(entry7b.o)
    0x080000f4   0x00000000   Code   RO         3910    .ARM.Collect$$$$0000000A  mc_w.l(entry8b.o)
    0x080000f4   0x00000008   Code   RO         3911    .ARM.Collect$$$$0000000B  mc_w.l(entry9a.o)
    0x080000fc   0x00000000   Code   RO         3913    .ARM.Collect$$$$0000000D  mc_w.l(entry10a.o)
    0x080000fc   0x00000000   Code   RO         3915    .ARM.Collect$$$$0000000F  mc_w.l(entry11a.o)
    0x080000fc   0x00000004   Code   RO         3904    .ARM.Collect$$$$00002712  mc_w.l(entry2.o)
    0x08000100   0x00000154   Code   RO         3193    .emb_text           RTX_CM3.LIB(hal_cm3.o)
    0x08000254   0x00000024   Code   RO            4    .text               startup_stm32f103xb.o
    0x08000278   0x00000020   Code   RO         3612    .text               mc_w.l(llushr.o)
    0x08000298   0x000000b0   Code   RO         3875    .text               mf_w.l(fadd.o)
    0x08000348   0x0000014e   Code   RO         3877    .text               mf_w.l(dadd.o)
    0x08000496   0x000000e4   Code   RO         3879    .text               mf_w.l(dmul.o)
    0x0800057a   0x000000de   Code   RO         3881    .text               mf_w.l(ddiv.o)
    0x08000658   0x00000012   Code   RO         3883    .text               mf_w.l(fflti.o)
    0x0800066a   0x00000022   Code   RO         3885    .text               mf_w.l(dflti.o)
    0x0800068c   0x0000001a   Code   RO         3887    .text               mf_w.l(dfltui.o)
    0x080006a6   0x00000032   Code   RO         3889    .text               mf_w.l(ffixi.o)
    0x080006d8   0x0000003e   Code   RO         3891    .text               mf_w.l(dfixi.o)
    0x08000716   0x00000026   Code   RO         3895    .text               mf_w.l(f2d.o)
    0x0800073c   0x00000038   Code   RO         3897    .text               mf_w.l(d2f.o)
    0x08000774   0x00000014   Code   RO         3899    .text               mf_w.l(cfcmple.o)
    0x08000788   0x00000014   Code   RO         3901    .text               mf_w.l(cfrcmple.o)
    0x0800079c   0x0000002c   Code   RO         3918    .text               mc_w.l(uidiv.o)
    0x080007c8   0x00000062   Code   RO         3920    .text               mc_w.l(uldiv.o)
    0x0800082a   0x0000001e   Code   RO         3922    .text               mc_w.l(llshl.o)
    0x08000848   0x00000024   Code   RO         3924    .text               mc_w.l(llsshr.o)
    0x0800086c   0x00000000   Code   RO         3926    .text               mc_w.l(iusefp.o)
    0x0800086c   0x0000006e   Code   RO         3927    .text               mf_w.l(fepilogue.o)
    0x080008da   0x000000ba   Code   RO         3929    .text               mf_w.l(depilogue.o)
    0x08000994   0x00000030   Code   RO         3931    .text               mf_w.l(dfixul.o)
    0x080009c4   0x00000030   Code   RO         3933    .text               mf_w.l(cdrcmple.o)
    0x080009f4   0x00000024   Code   RO         3935    .text               mc_w.l(init.o)
    0x08000a18   0x00000004   Code   RO         3453    SVC_TABLE           RTX_CM3.LIB(svc_table.o)
    0x08000a1c   0x000000e0   Code   RO         2808    i.ADS1248_AdToTemp  ads1248.o
    0x08000afc   0x00000064   Code   RO         2809    i.ADS1248_Calibrate  ads1248.o
    0x08000b60   0x00000018   Code   RO         2810    i.ADS1248_Channel_Data  ads1248.o
    0x08000b78   0x00000090   Code   RO         2812    i.ADS1248_Init      ads1248.o
    0x08000c08   0x00000074   Code   RO         2813    i.ADS1248_Read      ads1248.o
    0x08000c7c   0x0000006c   Code   RO         2814    i.ADS1248_ReadReg   ads1248.o
    0x08000ce8   0x00000048   Code   RO         2815    i.ADS1248_Reset     ads1248.o
    0x08000d30   0x0000002c   Code   RO         2816    i.ADS1248_Start     ads1248.o
    0x08000d5c   0x00000010   Code   RO         2817    i.ADS1248_Stop      ads1248.o
    0x08000d6c   0x00000060   Code   RO         2818    i.ADS1248_WaitBusy  ads1248.o
    0x08000dcc   0x00000034   Code   RO         2819    i.ADS1248_WriteCmd  ads1248.o
    0x08000e00   0x0000005c   Code   RO         2820    i.ADS1248_WriteReg  ads1248.o
    0x08000e5c   0x00000018   Code   RO         2916    i.BSP_STEP_MOTOR_Dir_Set  step_motor_driver.o
    0x08000e74   0x00000030   Code   RO         2917    i.BSP_STEP_MOTOR_Init  step_motor_driver.o
    0x08000ea4   0x00000048   Code   RO         2918    i.BSP_STEP_MOTOR_MicroStep_Set  step_motor_driver.o
    0x08000eec   0x00000036   Code   RO         2821    i.Change_Channel    ads1248.o
    0x08000f22   0x00000002   Code   RO          239    i.Error_Handler     main.o
    0x08000f24   0x00000016   Code   RO          583    i.HAL_Delay         stm32f1xx_hal.o
    0x08000f3a   0x00000002   PAD
    0x08000f3c   0x000001bc   Code   RO          513    i.HAL_GPIO_Init     stm32f1xx_hal_gpio.o
    0x080010f8   0x0000000a   Code   RO          515    i.HAL_GPIO_ReadPin  stm32f1xx_hal_gpio.o
    0x08001102   0x00000008   Code   RO          516    i.HAL_GPIO_TogglePin  stm32f1xx_hal_gpio.o
    0x0800110a   0x0000000a   Code   RO          517    i.HAL_GPIO_WritePin  stm32f1xx_hal_gpio.o
    0x08001114   0x0000000c   Code   RO          587    i.HAL_GetTick       stm32f1xx_hal.o
    0x08001120   0x00000024   Code   RO          589    i.HAL_Init          stm32f1xx_hal.o
    0x08001144   0x00000022   Code   RO          590    i.HAL_InitTick      stm32f1xx_hal.o
    0x08001166   0x00000002   PAD
    0x08001168   0x00000080   Code   RO          337    i.HAL_MspInit       stm32f1xx_hal_msp.o
    0x080011e8   0x00000016   Code   RO         2015    i.HAL_NVIC_EnableIRQ  stm32f1xx_hal_cortex.o
    0x080011fe   0x00000002   PAD
    0x08001200   0x00000040   Code   RO         2021    i.HAL_NVIC_SetPriority  stm32f1xx_hal_cortex.o
    0x08001240   0x00000024   Code   RO         2022    i.HAL_NVIC_SetPriorityGrouping  stm32f1xx_hal_cortex.o
    0x08001264   0x00000188   Code   RO          711    i.HAL_RCC_ClockConfig  stm32f1xx_hal_rcc.o
    0x080013ec   0x0000000c   Code   RO          716    i.HAL_RCC_GetHCLKFreq  stm32f1xx_hal_rcc.o
    0x080013f8   0x00000030   Code   RO          718    i.HAL_RCC_GetPCLK1Freq  stm32f1xx_hal_rcc.o
    0x08001428   0x00000030   Code   RO          719    i.HAL_RCC_GetPCLK2Freq  stm32f1xx_hal_rcc.o
    0x08001458   0x00000088   Code   RO          720    i.HAL_RCC_GetSysClockFreq  stm32f1xx_hal_rcc.o
    0x080014e0   0x0000057e   Code   RO          723    i.HAL_RCC_OscConfig  stm32f1xx_hal_rcc.o
    0x08001a5e   0x00000002   PAD
    0x08001a60   0x00000088   Code   RO         2375    i.HAL_SPI_Init      stm32f1xx_hal_spi_ex.o
    0x08001ae8   0x0000005c   Code   RO          198    i.HAL_SPI_MspInit   spi.o
    0x08001b44   0x000001ec   Code   RO         2141    i.HAL_SPI_Receive   stm32f1xx_hal_spi.o
    0x08001d30   0x00000146   Code   RO         2146    i.HAL_SPI_Transmit  stm32f1xx_hal_spi.o
    0x08001e76   0x000002b2   Code   RO         2147    i.HAL_SPI_TransmitReceive  stm32f1xx_hal_spi.o
    0x08002128   0x00000018   Code   RO         2024    i.HAL_SYSTICK_CLKSourceConfig  stm32f1xx_hal_cortex.o
    0x08002140   0x00000028   Code   RO         2026    i.HAL_SYSTICK_Config  stm32f1xx_hal_cortex.o
    0x08002168   0x00000002   Code   RO         1744    i.HAL_TIMEx_BreakCallback  stm32f1xx_hal_tim_ex.o
    0x0800216a   0x00000002   Code   RO         1745    i.HAL_TIMEx_CommutationCallback  stm32f1xx_hal_tim_ex.o
    0x0800216c   0x00000050   Code   RO         1761    i.HAL_TIMEx_MasterConfigSynchronization  stm32f1xx_hal_tim_ex.o
    0x080021bc   0x00000036   Code   RO         1115    i.HAL_TIM_Base_Init  stm32f1xx_hal_tim.o
    0x080021f2   0x00000002   PAD
    0x080021f4   0x00000088   Code   RO          386    i.HAL_TIM_Base_MspInit  tim.o
    0x0800227c   0x00000018   Code   RO         1120    i.HAL_TIM_Base_Start_IT  stm32f1xx_hal_tim.o
    0x08002294   0x0000002a   Code   RO         1123    i.HAL_TIM_Base_Stop_IT  stm32f1xx_hal_tim.o
    0x080022be   0x000000f2   Code   RO         1124    i.HAL_TIM_ConfigClockSource  stm32f1xx_hal_tim.o
    0x080023b0   0x00000002   Code   RO         1144    i.HAL_TIM_IC_CaptureCallback  stm32f1xx_hal_tim.o
    0x080023b2   0x00000166   Code   RO         1157    i.HAL_TIM_IRQHandler  stm32f1xx_hal_tim.o
    0x08002518   0x00000074   Code   RO          387    i.HAL_TIM_MspPostInit  tim.o
    0x0800258c   0x00000002   Code   RO         1160    i.HAL_TIM_OC_DelayElapsedCallback  stm32f1xx_hal_tim.o
    0x0800258e   0x000000d0   Code   RO         1181    i.HAL_TIM_PWM_ConfigChannel  stm32f1xx_hal_tim.o
    0x0800265e   0x00000036   Code   RO         1184    i.HAL_TIM_PWM_Init  stm32f1xx_hal_tim.o
    0x08002694   0x0000003c   Code   RO          389    i.HAL_TIM_PWM_MspInit  tim.o
    0x080026d0   0x00000002   Code   RO         1187    i.HAL_TIM_PWM_PulseFinishedCallback  stm32f1xx_hal_tim.o
    0x080026d2   0x00000002   PAD
    0x080026d4   0x00000060   Code   RO         1190    i.HAL_TIM_PWM_Start_IT  stm32f1xx_hal_tim.o
    0x08002734   0x00000002   Code   RO         1194    i.HAL_TIM_PeriodElapsedCallback  stm32f1xx_hal_tim.o
    0x08002736   0x00000002   Code   RO         1198    i.HAL_TIM_TriggerCallback  stm32f1xx_hal_tim.o
    0x08002738   0x0000005e   Code   RO         2424    i.HAL_UART_Init     stm32f1xx_hal_uart.o
    0x08002796   0x00000002   PAD
    0x08002798   0x00000058   Code   RO          153    i.HAL_UART_MspInit  usart.o
    0x080027f0   0x000000cc   Code   RO         2432    i.HAL_UART_Transmit  stm32f1xx_hal_uart.o
    0x080028bc   0x000000f8   Code   RO          361    i.MX_GPIO_Init      gpio.o
    0x080029b4   0x00000048   Code   RO          199    i.MX_SPI2_Init      spi.o
    0x080029fc   0x0000005c   Code   RO          390    i.MX_TIM1_Init      tim.o
    0x08002a58   0x00000088   Code   RO          391    i.MX_TIM2_Init      tim.o
    0x08002ae0   0x00000078   Code   RO          392    i.MX_TIM3_Init      tim.o
    0x08002b58   0x000000a8   Code   RO          393    i.MX_TIM4_Init      tim.o
    0x08002c00   0x00000038   Code   RO          154    i.MX_USART1_UART_Init  usart.o
    0x08002c38   0x00000020   Code   RO         2028    i.NVIC_SetPriority  stm32f1xx_hal_cortex.o
    0x08002c58   0x0000005e   Code   RO         2967    i.PID_IncCalc       pid_driver.o
    0x08002cb6   0x00000002   PAD
    0x08002cb8   0x000000a0   Code   RO         2968    i.PID_IncPWMCtr     pid_driver.o
    0x08002d58   0x00000018   Code   RO         2969    i.PID_Init          pid_driver.o
    0x08002d70   0x00000006   Code   RO         2972    i.PID_SetKd         pid_driver.o
    0x08002d76   0x00000006   Code   RO         2973    i.PID_SetKi         pid_driver.o
    0x08002d7c   0x00000006   Code   RO         2974    i.PID_SetKp         pid_driver.o
    0x08002d82   0x00000004   Code   RO         2975    i.PID_SetPoint      pid_driver.o
    0x08002d86   0x00000004   Code   RO         2376    i.SPI_ISCRCErrorValid  stm32f1xx_hal_spi_ex.o
    0x08002d8a   0x0000009e   Code   RO         2169    i.SPI_WaitOnFlagUntilTimeout  stm32f1xx_hal_spi.o
    0x08002e28   0x00000066   Code   RO          240    i.SystemClock_Config  main.o
    0x08002e8e   0x00000002   PAD
    0x08002e90   0x00000048   Code   RO         2771    i.SystemInit        system_stm32f1xx.o
    0x08002ed8   0x00000064   Code   RO           13    i.TIM1_UP_IRQHandler  stm32f1xx_it.o
    0x08002f3c   0x0000000c   Code   RO           14    i.TIM2_IRQHandler   stm32f1xx_it.o
    0x08002f48   0x0000000c   Code   RO           15    i.TIM3_IRQHandler   stm32f1xx_it.o
    0x08002f54   0x0000000c   Code   RO           16    i.TIM4_IRQHandler   stm32f1xx_it.o
    0x08002f60   0x00000064   Code   RO         1199    i.TIM_Base_SetConfig  stm32f1xx_hal_tim.o
    0x08002fc4   0x00000016   Code   RO         1200    i.TIM_CCxChannelCmd  stm32f1xx_hal_tim.o
    0x08002fda   0x00000014   Code   RO         1206    i.TIM_ETR_SetConfig  stm32f1xx_hal_tim.o
    0x08002fee   0x00000010   Code   RO         1207    i.TIM_ITRx_SetConfig  stm32f1xx_hal_tim.o
    0x08002ffe   0x00000002   PAD
    0x08003000   0x00000050   Code   RO         1208    i.TIM_OC1_SetConfig  stm32f1xx_hal_tim.o
    0x08003050   0x00000058   Code   RO         1209    i.TIM_OC2_SetConfig  stm32f1xx_hal_tim.o
    0x080030a8   0x00000058   Code   RO         1210    i.TIM_OC3_SetConfig  stm32f1xx_hal_tim.o
    0x08003100   0x00000044   Code   RO         1211    i.TIM_OC4_SetConfig  stm32f1xx_hal_tim.o
    0x08003144   0x00000022   Code   RO         1213    i.TIM_TI1_ConfigInputStage  stm32f1xx_hal_tim.o
    0x08003166   0x00000024   Code   RO         1215    i.TIM_TI2_ConfigInputStage  stm32f1xx_hal_tim.o
    0x0800318a   0x00000002   PAD
    0x0800318c   0x00000170   Code   RO         2443    i.UART_SetConfig    stm32f1xx_hal_uart.o
    0x080032fc   0x00000092   Code   RO         2445    i.UART_WaitOnFlagUntilTimeout  stm32f1xx_hal_uart.o
    0x0800338e   0x00000002   PAD
    0x08003390   0x00000020   Code   RO         3847    i.__0printf         mc_w.l(printfa.o)
    0x080033b0   0x0000000e   Code   RO         3939    i.__scatterload_copy  mc_w.l(handlers.o)
    0x080033be   0x00000002   Code   RO         3940    i.__scatterload_null  mc_w.l(handlers.o)
    0x080033c0   0x0000000e   Code   RO         3941    i.__scatterload_zeroinit  mc_w.l(handlers.o)
    0x080033ce   0x00000002   PAD
    0x080033d0   0x00000164   Code   RO         3854    i._fp_digits        mc_w.l(printfa.o)
    0x08003534   0x00000046   Code   RO         3420    i._init_box         RTX_CM3.LIB(rt_membox.o)
    0x0800357a   0x00000002   PAD
    0x0800357c   0x000006dc   Code   RO         3855    i._printf_core      mc_w.l(printfa.o)
    0x08003c58   0x00000024   Code   RO         3856    i._printf_post_padding  mc_w.l(printfa.o)
    0x08003c7c   0x0000002e   Code   RO         3857    i._printf_pre_padding  mc_w.l(printfa.o)
    0x08003caa   0x00000002   PAD
    0x08003cac   0x00000150   Code   RO          241    i.adcTask           main.o
    0x08003dfc   0x00000030   Code   RO         3194    i.dbg_init          RTX_CM3.LIB(hal_cm3.o)
    0x08003e2c   0x00000020   Code   RO         3195    i.dbg_task_notify   RTX_CM3.LIB(hal_cm3.o)
    0x08003e4c   0x00000010   Code   RO         3196    i.dbg_task_switch   RTX_CM3.LIB(hal_cm3.o)
    0x08003e5c   0x0000001c   Code   RO          242    i.fputc             main.o
    0x08003e78   0x00000068   Code   RO          243    i.initTask          main.o
    0x08003ee0   0x0000007c   Code   RO          244    i.main              main.o
    0x08003f5c   0x00000098   Code   RO          245    i.motorTask         main.o
    0x08003ff4   0x00000002   Code   RO          460    i.os_error          rtx_conf.o
    0x08003ff6   0x00000002   Code   RO          461    i.os_idle_demon     rtx_conf.o
    0x08003ff8   0x00000028   Code   RO         3235    i.os_tick_init      RTX_CM3.LIB(rt_system.o)
    0x08004020   0x00000002   Code   RO         3236    i.os_tick_irqack    RTX_CM3.LIB(rt_system.o)
    0x08004022   0x00000002   Code   RO          462    i.os_tmr_call       rtx_conf.o
    0x08004024   0x00000058   Code   RO          246    i.printfTask        main.o
    0x0800407c   0x0000001a   Code   RO         3421    i.rt_alloc_box      RTX_CM3.LIB(rt_membox.o)
    0x08004096   0x00000002   PAD
    0x08004098   0x00000038   Code   RO         3057    i.rt_block          RTX_CM3.LIB(rt_task.o)
    0x080040d0   0x00000048   Code   RO         3398    i.rt_chk_robin      RTX_CM3.LIB(rt_robin.o)
    0x08004118   0x00000074   Code   RO         3319    i.rt_dec_dly        RTX_CM3.LIB(rt_list.o)
    0x0800418c   0x00000044   Code   RO         3058    i.rt_dispatch       RTX_CM3.LIB(rt_task.o)
    0x080041d0   0x00000006   Code   RO         3156    i.rt_dly_wait       RTX_CM3.LIB(rt_time.o)
    0x080041d6   0x00000002   PAD
    0x080041d8   0x0000004c   Code   RO         3459    i.rt_evt_psh        RTX_CM3.LIB(rt_event.o)
    0x08004224   0x00000020   Code   RO         3422    i.rt_free_box       RTX_CM3.LIB(rt_membox.o)
    0x08004244   0x00000028   Code   RO         3320    i.rt_get_first      RTX_CM3.LIB(rt_list.o)
    0x0800426c   0x00000024   Code   RO         3321    i.rt_get_same_rdy_prio  RTX_CM3.LIB(rt_list.o)
    0x08004290   0x0000004c   Code   RO         3059    i.rt_init_context   RTX_CM3.LIB(rt_task.o)
    0x080042dc   0x00000018   Code   RO         3399    i.rt_init_robin     RTX_CM3.LIB(rt_robin.o)
    0x080042f4   0x00000050   Code   RO         3197    i.rt_init_stack     RTX_CM3.LIB(hal_cm3.o)
    0x08004344   0x000000d4   Code   RO         3502    i.rt_mbx_psh        RTX_CM3.LIB(rt_mailbox.o)
    0x08004418   0x0000007c   Code   RO         3237    i.rt_pop_req        RTX_CM3.LIB(rt_system.o)
    0x08004494   0x00000048   Code   RO         3323    i.rt_put_dly        RTX_CM3.LIB(rt_list.o)
    0x080044dc   0x00000036   Code   RO         3324    i.rt_put_prio       RTX_CM3.LIB(rt_list.o)
    0x08004512   0x00000002   PAD
    0x08004514   0x00000014   Code   RO         3325    i.rt_put_rdy_first  RTX_CM3.LIB(rt_list.o)
    0x08004528   0x00000028   Code   RO         3327    i.rt_rmv_dly        RTX_CM3.LIB(rt_list.o)
    0x08004550   0x00000030   Code   RO         3328    i.rt_rmv_list       RTX_CM3.LIB(rt_list.o)
    0x08004580   0x00000034   Code   RO         3548    i.rt_sem_psh        RTX_CM3.LIB(rt_semaphore.o)
    0x080045b4   0x00000024   Code   RO         3240    i.rt_stk_check      RTX_CM3.LIB(rt_system.o)
    0x080045d8   0x00000028   Code   RO         3060    i.rt_switch_req     RTX_CM3.LIB(rt_task.o)
    0x08004600   0x00000154   Code   RO         3061    i.rt_sys_init       RTX_CM3.LIB(rt_task.o)
    0x08004754   0x00000040   Code   RO         3242    i.rt_systick        RTX_CM3.LIB(rt_system.o)
    0x08004794   0x00000040   Code   RO         3584    i.rt_tmr_tick       RTX_CM3.LIB(rt_timer.o)
    0x080047d4   0x00000090   Code   RO         3062    i.rt_tsk_create     RTX_CM3.LIB(rt_task.o)
    0x08004864   0x0000016c   Code   RO         3063    i.rt_tsk_delete     RTX_CM3.LIB(rt_task.o)
    0x080049d0   0x00000030   Code   RO         3064    i.rt_tsk_pass       RTX_CM3.LIB(rt_task.o)
    0x08004a00   0x00000024   Code   RO          247    i.testTask          main.o
    0x08004a24   0x00000002   Data   RO          467    .constdata          rtx_conf.o
    0x08004a26   0x00000002   PAD
    0x08004a28   0x00000004   Data   RO          468    .constdata          rtx_conf.o
    0x08004a2c   0x00000004   Data   RO          469    .constdata          rtx_conf.o
    0x08004a30   0x00000004   Data   RO          470    .constdata          rtx_conf.o
    0x08004a34   0x00000001   Data   RO          471    .constdata          rtx_conf.o
    0x08004a35   0x00000003   PAD
    0x08004a38   0x00000008   Data   RO          472    .constdata          rtx_conf.o
    0x08004a40   0x00000002   Data   RO          473    .constdata          rtx_conf.o
    0x08004a42   0x00000002   PAD
    0x08004a44   0x00000004   Data   RO          474    .constdata          rtx_conf.o
    0x08004a48   0x00000001   Data   RO          475    .constdata          rtx_conf.o
    0x08004a49   0x00000001   PAD
    0x08004a4a   0x00000002   Data   RO          476    .constdata          rtx_conf.o
    0x08004a4c   0x00000010   Data   RO         2772    .constdata          system_stm32f1xx.o
    0x08004a5c   0x00000008   Data   RO         2773    .constdata          system_stm32f1xx.o
    0x08004a64   0x00003ed4   Data   RO         2823    .constdata          ads1248.o
    0x08008938   0x00000004   Data   RO         3245    .constdata          RTX_CM3.LIB(rt_system.o)
    0x0800893c   0x00000020   Data   RO         3937    Region$$Table       anon$$obj.o


    Execution Region RW_IRAM1 (Base: 0x20000000, Size: 0x000017b0, Max: 0x00005000, ABSOLUTE)

    Base Addr    Size         Type   Attr      Idx    E Section Name        Object

    0x20000000   0x00000004   Data   RW           17    .data               stm32f1xx_it.o
    0x20000004   0x00000010   Data   RW          250    .data               main.o
    0x20000014   0x00000004   Data   RW          477    .data               rtx_conf.o
    0x20000018   0x00000004   Data   RW          595    .data               stm32f1xx_hal.o
    0x2000001c   0x00000001   Data   RW         2377    .data               stm32f1xx_hal_spi_ex.o
    0x2000001d   0x00000003   PAD
    0x20000020   0x00000004   Data   RW         2774    .data               system_stm32f1xx.o
    0x20000024   0x00000008   Data   RW         2920    .data               step_motor_driver.o
    0x2000002c   0x00000002   Data   RW         2976    .data               pid_driver.o
    0x2000002e   0x00000002   PAD
    0x20000030   0x00000008   Data   RW         3068    .data               RTX_CM3.LIB(rt_task.o)
    0x20000038   0x00000004   Data   RW         3160    .data               RTX_CM3.LIB(rt_time.o)
    0x2000003c   0x00000001   Data   RW         3198    .data               RTX_CM3.LIB(hal_cm3.o)
    0x2000003d   0x00000003   PAD
    0x20000040   0x00000008   Data   RW         3246    .data               RTX_CM3.LIB(rt_system.o)
    0x20000048   0x00000008   Data   RW         3400    .data               RTX_CM3.LIB(rt_robin.o)
    0x20000050   0x00000008   Data   RW         3585    .data               RTX_CM3.LIB(rt_timer.o)
    0x20000058   0x00000004   Data   RW         3917    .data               mc_w.l(stdout.o)
    0x2000005c   0x00000040   Zero   RW          155    .bss                usart.o
    0x2000009c   0x00000058   Zero   RW          200    .bss                spi.o
    0x200000f4   0x00000004   PAD
    0x200000f8   0x00000150   Zero   RW          248    .bss                main.o
    0x20000248   0x000000f0   Zero   RW          394    .bss                tim.o
    0x20000338   0x0000015c   Zero   RW          463    .bss                rtx_conf.o
    0x20000494   0x00000004   PAD
    0x20000498   0x00000e10   Zero   RW          464    .bss                rtx_conf.o
    0x200012a8   0x00000084   Zero   RW          465    .bss                rtx_conf.o
    0x2000132c   0x00000018   Zero   RW          466    .bss                rtx_conf.o
    0x20001344   0x00000038   Zero   RW         3067    .bss                RTX_CM3.LIB(rt_task.o)
    0x2000137c   0x00000030   Zero   RW         3329    .bss                RTX_CM3.LIB(rt_list.o)
    0x200013ac   0x00000004   PAD
    0x200013b0   0x00000400   Zero   RW            1    STACK               startup_stm32f103xb.o


==============================================================================

Image component sizes


      Code (inc. data)   RO Data    RW Data    ZI Data      Debug   Object Name

      1142        104      16084          0          0       8167   ads1248.o
       248         16          0          0          0       1003   gpio.o
       972        154          0         16        336      13569   main.o
       300         24          0          2          0       4636   pid_driver.o
         6          0         32          4       4104       9776   rtx_conf.o
       164         24          0          0         88       1621   spi.o
        36          8        236          0       1024        808   startup_stm32f103xb.o
       144         20          0          8          0       3327   step_motor_driver.o
       104         10          0          4          0       3164   stm32f1xx_hal.o
       218         14          0          0          0      26401   stm32f1xx_hal_cortex.o
       472         36          0          0          0       4292   stm32f1xx_hal_gpio.o
       128         10          0          0          0        858   stm32f1xx_hal_msp.o
      2042         98          0          0          0       5880   stm32f1xx_hal_rcc.o
      1666          0          0          0          0       5423   stm32f1xx_hal_spi.o
       140          4          0          1          0       1928   stm32f1xx_hal_spi_ex.o
      1640         38          0          0          0      16300   stm32f1xx_hal_tim.o
        84          0          0          0          0       2358   stm32f1xx_hal_tim_ex.o
       812          4          0          0          0       4048   stm32f1xx_hal_uart.o
       136         34          0          4          0     460295   stm32f1xx_it.o
        72         16         24          4          0       1407   system_stm32f1xx.o
       828         76          0          0        240       4905   tim.o
       144         20          0          0         64       1646   usart.o

    ----------------------------------------------------------------------
     11522        710      16416         48       5864     581812   Object Totals
         0          0         32          0          0          0   (incl. Generated)
        24          0          8          5          8          0   (incl. Padding)

    ----------------------------------------------------------------------

      Code (inc. data)   RO Data    RW Data    ZI Data      Debug   Library Member Name

       516         56          0          1          0       2793   hal_cm3.o
        76          4          0          0          0        613   rt_event.o
       426         34          0          0         48       4464   rt_list.o
       212          6          0          0          0        781   rt_mailbox.o
       128          0          0          0          0       1785   rt_membox.o
        96         22          0          8          0       1046   rt_robin.o
        52          6          0          0          0        537   rt_semaphore.o
       266         42          4          8          0       3301   rt_system.o
      1136        164          0          8         56       7724   rt_task.o
         6          0          0          4          0        576   rt_time.o
        64          8          0          8          0        631   rt_timer.o
         4          4          0          0          0        168   svc_table.o
         0          0          0          0          0          0   entry.o
         0          0          0          0          0          0   entry10a.o
         0          0          0          0          0          0   entry11a.o
         8          4          0          0          0          0   entry2.o
         4          0          0          0          0          0   entry5.o
         0          0          0          0          0          0   entry7b.o
         0          0          0          0          0          0   entry8b.o
         8          4          0          0          0          0   entry9a.o
        30          0          0          0          0          0   handlers.o
        36          8          0          0          0         68   init.o
         0          0          0          0          0          0   iusefp.o
        30          0          0          0          0         68   llshl.o
        36          0          0          0          0         68   llsshr.o
        32          0          0          0          0         68   llushr.o
      2226         90          0          0          0        444   printfa.o
         0          0          0          4          0          0   stdout.o
        44          0          0          0          0         80   uidiv.o
        98          0          0          0          0         92   uldiv.o
        48          0          0          0          0         68   cdrcmple.o
        20          0          0          0          0         68   cfcmple.o
        20          0          0          0          0         68   cfrcmple.o
        56          0          0          0          0         88   d2f.o
       334          0          0          0          0        148   dadd.o
       222          0          0          0          0        100   ddiv.o
       186          0          0          0          0        176   depilogue.o
        62          0          0          0          0         80   dfixi.o
        48          0          0          0          0         68   dfixul.o
        34          0          0          0          0         76   dflti.o
        26          0          0          0          0         76   dfltui.o
       228          0          0          0          0         96   dmul.o
        38          0          0          0          0         68   f2d.o
       176          0          0          0          0        140   fadd.o
       110          0          0          0          0        168   fepilogue.o
        50          0          0          0          0         68   ffixi.o
        18          0          0          0          0         68   fflti.o

    ----------------------------------------------------------------------
      7222        452          4         44        108      26931   Library Totals
        12          0          0          3          4          0   (incl. Padding)

    ----------------------------------------------------------------------

      Code (inc. data)   RO Data    RW Data    ZI Data      Debug   Library Name

      2982        346          4         37        104      24419   RTX_CM3.LIB
      2552        106          0          4          0        888   mc_w.l
      1676          0          0          0          0       1624   mf_w.l

    ----------------------------------------------------------------------
      7222        452          4         44        108      26931   Library Totals

    ----------------------------------------------------------------------

==============================================================================


      Code (inc. data)   RO Data    RW Data    ZI Data      Debug   

     18744       1162      16420         92       5972     600211   Grand Totals
     18744       1162      16420         92       5972     600211   ELF Image Totals
     18744       1162      16420         92          0          0   ROM Totals

==============================================================================

    Total RO  Size (Code + RO Data)                35164 (  34.34kB)
    Total RW  Size (RW Data + ZI Data)              6064 (   5.92kB)
    Total ROM Size (Code + RO Data + RW Data)      35256 (  34.43kB)

==============================================================================

